<?xml version="1.0" encoding="ISO-8859-1" ?>
<link_info>
   <banner>MSP430 Linker PC v21.6.0.LTS</banner>
   <copyright>Copyright (c) 2003-2018 Texas Instruments Incorporated</copyright>
   <link_time>0x631e09cd</link_time>
   <link_errors>0x3</link_errors>
   <output_file>Contador.out</output_file>
   <entry_point>
      <name>_c_int00_noargs</name>
      <address>0xd73a</address>
   </entry_point>
   <input_file_list>
      <input_file id="fl-2">
         <path>.\</path>
         <kind>object</kind>
         <file>main.obj</file>
         <name>main.obj</name>
      </input_file>
      <input_file id="fl-7">
         <kind>object</kind>
         <file>&lt;internal&gt;</file>
         <name>&lt;internal&gt;</name>
      </input_file>
      <input_file id="fl-1d">
         <path>C:\ti\ccs1200\ccs\tools\compiler\ti-cgt-msp430_21.6.0.LTS\lib\</path>
         <kind>archive</kind>
         <file>rts430_eabi.lib</file>
         <name>fscanf.c.obj</name>
      </input_file>
      <input_file id="fl-1e">
         <path>C:\ti\ccs1200\ccs\tools\compiler\ti-cgt-msp430_21.6.0.LTS\lib\</path>
         <kind>archive</kind>
         <file>rts430_eabi.lib</file>
         <name>fgetc.c.obj</name>
      </input_file>
      <input_file id="fl-1f">
         <path>C:\ti\ccs1200\ccs\tools\compiler\ti-cgt-msp430_21.6.0.LTS\lib\</path>
         <kind>archive</kind>
         <file>rts430_eabi.lib</file>
         <name>_bufread.c.obj</name>
      </input_file>
      <input_file id="fl-20">
         <path>C:\ti\ccs1200\ccs\tools\compiler\ti-cgt-msp430_21.6.0.LTS\lib\</path>
         <kind>archive</kind>
         <file>rts430_eabi.lib</file>
         <name>_io_perm.c.obj</name>
      </input_file>
      <input_file id="fl-21">
         <path>C:\ti\ccs1200\ccs\tools\compiler\ti-cgt-msp430_21.6.0.LTS\lib\</path>
         <kind>archive</kind>
         <file>rts430_eabi.lib</file>
         <name>setvbuf.c.obj</name>
      </input_file>
      <input_file id="fl-22">
         <path>C:\ti\ccs1200\ccs\tools\compiler\ti-cgt-msp430_21.6.0.LTS\lib\</path>
         <kind>archive</kind>
         <file>rts430_eabi.lib</file>
         <name>ungetc.c.obj</name>
      </input_file>
      <input_file id="fl-23">
         <path>C:\ti\ccs1200\ccs\tools\compiler\ti-cgt-msp430_21.6.0.LTS\lib\</path>
         <kind>archive</kind>
         <file>rts430_eabi.lib</file>
         <name>epilog.asm.obj</name>
      </input_file>
      <input_file id="fl-24">
         <path>C:\ti\ccs1200\ccs\tools\compiler\ti-cgt-msp430_21.6.0.LTS\lib\</path>
         <kind>archive</kind>
         <file>rts430_eabi.lib</file>
         <name>int00.asm.obj</name>
      </input_file>
      <input_file id="fl-25">
         <path>C:\ti\ccs1200\ccs\tools\compiler\ti-cgt-msp430_21.6.0.LTS\lib\</path>
         <kind>archive</kind>
         <file>rts430_eabi.lib</file>
         <name>int03.asm.obj</name>
      </input_file>
      <input_file id="fl-26">
         <path>C:\ti\ccs1200\ccs\tools\compiler\ti-cgt-msp430_21.6.0.LTS\lib\</path>
         <kind>archive</kind>
         <file>rts430_eabi.lib</file>
         <name>int05.asm.obj</name>
      </input_file>
      <input_file id="fl-27">
         <path>C:\ti\ccs1200\ccs\tools\compiler\ti-cgt-msp430_21.6.0.LTS\lib\</path>
         <kind>archive</kind>
         <file>rts430_eabi.lib</file>
         <name>int06.asm.obj</name>
      </input_file>
      <input_file id="fl-28">
         <path>C:\ti\ccs1200\ccs\tools\compiler\ti-cgt-msp430_21.6.0.LTS\lib\</path>
         <kind>archive</kind>
         <file>rts430_eabi.lib</file>
         <name>int07.asm.obj</name>
      </input_file>
      <input_file id="fl-29">
         <path>C:\ti\ccs1200\ccs\tools\compiler\ti-cgt-msp430_21.6.0.LTS\lib\</path>
         <kind>archive</kind>
         <file>rts430_eabi.lib</file>
         <name>int08.asm.obj</name>
      </input_file>
      <input_file id="fl-2a">
         <path>C:\ti\ccs1200\ccs\tools\compiler\ti-cgt-msp430_21.6.0.LTS\lib\</path>
         <kind>archive</kind>
         <file>rts430_eabi.lib</file>
         <name>int09.asm.obj</name>
      </input_file>
      <input_file id="fl-2b">
         <path>C:\ti\ccs1200\ccs\tools\compiler\ti-cgt-msp430_21.6.0.LTS\lib\</path>
         <kind>archive</kind>
         <file>rts430_eabi.lib</file>
         <name>int10.asm.obj</name>
      </input_file>
      <input_file id="fl-2c">
         <path>C:\ti\ccs1200\ccs\tools\compiler\ti-cgt-msp430_21.6.0.LTS\lib\</path>
         <kind>archive</kind>
         <file>rts430_eabi.lib</file>
         <name>int11.asm.obj</name>
      </input_file>
      <input_file id="fl-2d">
         <path>C:\ti\ccs1200\ccs\tools\compiler\ti-cgt-msp430_21.6.0.LTS\lib\</path>
         <kind>archive</kind>
         <file>rts430_eabi.lib</file>
         <name>int12.asm.obj</name>
      </input_file>
      <input_file id="fl-2e">
         <path>C:\ti\ccs1200\ccs\tools\compiler\ti-cgt-msp430_21.6.0.LTS\lib\</path>
         <kind>archive</kind>
         <file>rts430_eabi.lib</file>
         <name>int13.asm.obj</name>
      </input_file>
      <input_file id="fl-2f">
         <path>C:\ti\ccs1200\ccs\tools\compiler\ti-cgt-msp430_21.6.0.LTS\lib\</path>
         <kind>archive</kind>
         <file>rts430_eabi.lib</file>
         <name>int14.asm.obj</name>
      </input_file>
      <input_file id="fl-30">
         <path>C:\ti\ccs1200\ccs\tools\compiler\ti-cgt-msp430_21.6.0.LTS\lib\</path>
         <kind>archive</kind>
         <file>rts430_eabi.lib</file>
         <name>isr_trap.asm.obj</name>
      </input_file>
      <input_file id="fl-31">
         <path>C:\ti\ccs1200\ccs\tools\compiler\ti-cgt-msp430_21.6.0.LTS\lib\</path>
         <kind>archive</kind>
         <file>rts430_eabi.lib</file>
         <name>boot.c.obj</name>
      </input_file>
      <input_file id="fl-32">
         <path>C:\ti\ccs1200\ccs\tools\compiler\ti-cgt-msp430_21.6.0.LTS\lib\</path>
         <kind>archive</kind>
         <file>rts430_eabi.lib</file>
         <name>autoinit.c.obj</name>
      </input_file>
      <input_file id="fl-33">
         <path>C:\ti\ccs1200\ccs\tools\compiler\ti-cgt-msp430_21.6.0.LTS\lib\</path>
         <kind>archive</kind>
         <file>rts430_eabi.lib</file>
         <name>copy_zero_init.c.obj</name>
      </input_file>
      <input_file id="fl-34">
         <path>C:\ti\ccs1200\ccs\tools\compiler\ti-cgt-msp430_21.6.0.LTS\lib\</path>
         <kind>archive</kind>
         <file>rts430_eabi.lib</file>
         <name>exit_gvars.c.obj</name>
      </input_file>
      <input_file id="fl-35">
         <path>C:\ti\ccs1200\ccs\tools\compiler\ti-cgt-msp430_21.6.0.LTS\lib\</path>
         <kind>archive</kind>
         <file>rts430_eabi.lib</file>
         <name>cpy_tbl.c.obj</name>
      </input_file>
      <input_file id="fl-36">
         <path>C:\ti\ccs1200\ccs\tools\compiler\ti-cgt-msp430_21.6.0.LTS\lib\</path>
         <kind>archive</kind>
         <file>rts430_eabi.lib</file>
         <name>mpu_init.c.obj</name>
      </input_file>
      <input_file id="fl-37">
         <path>C:\ti\ccs1200\ccs\tools\compiler\ti-cgt-msp430_21.6.0.LTS\lib\</path>
         <kind>archive</kind>
         <file>rts430_eabi.lib</file>
         <name>pre_init.c.obj</name>
      </input_file>
      <input_file id="fl-38">
         <path>C:\ti\ccs1200\ccs\tools\compiler\ti-cgt-msp430_21.6.0.LTS\lib\</path>
         <kind>archive</kind>
         <file>rts430_eabi.lib</file>
         <name>startup.c.obj</name>
      </input_file>
      <input_file id="fl-39">
         <path>C:\ti\ccs1200\ccs\tools\compiler\ti-cgt-msp430_21.6.0.LTS\lib\</path>
         <kind>archive</kind>
         <file>rts430_eabi.lib</file>
         <name>copy_decompress_none.c.obj</name>
      </input_file>
      <input_file id="fl-3a">
         <path>C:\ti\ccs1200\ccs\tools\compiler\ti-cgt-msp430_21.6.0.LTS\lib\</path>
         <kind>archive</kind>
         <file>rts430_eabi.lib</file>
         <name>copy_decompress_lzss.c.obj</name>
      </input_file>
      <input_file id="fl-3b">
         <path>C:\ti\ccs1200\ccs\tools\compiler\ti-cgt-msp430_21.6.0.LTS\lib\</path>
         <kind>archive</kind>
         <file>rts430_eabi.lib</file>
         <name>exit.c.obj</name>
      </input_file>
      <input_file id="fl-3c">
         <path>C:\ti\ccs1200\ccs\tools\compiler\ti-cgt-msp430_21.6.0.LTS\lib\</path>
         <kind>archive</kind>
         <file>rts430_eabi.lib</file>
         <name>_lock.c.obj</name>
      </input_file>
      <input_file id="fl-3d">
         <path>C:\ti\ccs1200\ccs\tools\compiler\ti-cgt-msp430_21.6.0.LTS\lib\</path>
         <kind>archive</kind>
         <file>rts430_eabi.lib</file>
         <name>args_main.c.obj</name>
      </input_file>
      <input_file id="fl-3e">
         <path>C:\ti\ccs1200\ccs\tools\compiler\ti-cgt-msp430_21.6.0.LTS\lib\</path>
         <kind>archive</kind>
         <file>rts430_eabi.lib</file>
         <name>defs.c.obj</name>
      </input_file>
      <input_file id="fl-3f">
         <path>C:\ti\ccs1200\ccs\tools\compiler\ti-cgt-msp430_21.6.0.LTS\lib\</path>
         <kind>archive</kind>
         <file>rts430_eabi.lib</file>
         <name>isspace.c.obj</name>
      </input_file>
      <input_file id="fl-40">
         <path>C:\ti\ccs1200\ccs\tools\compiler\ti-cgt-msp430_21.6.0.LTS\lib\</path>
         <kind>archive</kind>
         <file>rts430_eabi.lib</file>
         <name>memcpy.c.obj</name>
      </input_file>
      <input_file id="fl-41">
         <path>C:\ti\ccs1200\ccs\tools\compiler\ti-cgt-msp430_21.6.0.LTS\lib\</path>
         <kind>archive</kind>
         <file>rts430_eabi.lib</file>
         <name>memory.c.obj</name>
      </input_file>
      <input_file id="fl-42">
         <path>C:\ti\ccs1200\ccs\tools\compiler\ti-cgt-msp430_21.6.0.LTS\lib\</path>
         <kind>archive</kind>
         <file>rts430_eabi.lib</file>
         <name>memset.c.obj</name>
      </input_file>
      <input_file id="fl-43">
         <path>C:\ti\ccs1200\ccs\tools\compiler\ti-cgt-msp430_21.6.0.LTS\lib\</path>
         <kind>archive</kind>
         <file>rts430_eabi.lib</file>
         <name>read.c.obj</name>
      </input_file>
      <input_file id="fl-44">
         <path>C:\ti\ccs1200\ccs\tools\compiler\ti-cgt-msp430_21.6.0.LTS\lib\</path>
         <kind>archive</kind>
         <file>rts430_eabi.lib</file>
         <name>_scanfi_min.c.obj</name>
      </input_file>
      <input_file id="fl-45">
         <path>C:\ti\ccs1200\ccs\tools\compiler\ti-cgt-msp430_21.6.0.LTS\lib\</path>
         <kind>archive</kind>
         <file>rts430_eabi.lib</file>
         <name>fflush.c.obj</name>
      </input_file>
      <input_file id="fl-46">
         <path>C:\ti\ccs1200\ccs\tools\compiler\ti-cgt-msp430_21.6.0.LTS\lib\</path>
         <kind>archive</kind>
         <file>rts430_eabi.lib</file>
         <name>fopen.c.obj</name>
      </input_file>
      <input_file id="fl-47">
         <path>C:\ti\ccs1200\ccs\tools\compiler\ti-cgt-msp430_21.6.0.LTS\lib\</path>
         <kind>archive</kind>
         <file>rts430_eabi.lib</file>
         <name>fseek.c.obj</name>
      </input_file>
      <input_file id="fl-48">
         <path>C:\ti\ccs1200\ccs\tools\compiler\ti-cgt-msp430_21.6.0.LTS\lib\</path>
         <kind>archive</kind>
         <file>rts430_eabi.lib</file>
         <name>div16u.asm.obj</name>
      </input_file>
      <input_file id="fl-49">
         <path>C:\ti\ccs1200\ccs\tools\compiler\ti-cgt-msp430_21.6.0.LTS\lib\</path>
         <kind>archive</kind>
         <file>rts430_eabi.lib</file>
         <name>lsl16.asm.obj</name>
      </input_file>
      <input_file id="fl-4a">
         <path>C:\ti\ccs1200\ccs\tools\compiler\ti-cgt-msp430_21.6.0.LTS\lib\</path>
         <kind>archive</kind>
         <file>rts430_eabi.lib</file>
         <name>lsr16.asm.obj</name>
      </input_file>
      <input_file id="fl-4b">
         <path>C:\ti\ccs1200\ccs\tools\compiler\ti-cgt-msp430_21.6.0.LTS\lib\</path>
         <kind>archive</kind>
         <file>rts430_eabi.lib</file>
         <name>mult16.asm.obj</name>
      </input_file>
      <input_file id="fl-4c">
         <path>C:\ti\ccs1200\ccs\tools\compiler\ti-cgt-msp430_21.6.0.LTS\lib\</path>
         <kind>archive</kind>
         <file>rts430_eabi.lib</file>
         <name>ctype.c.obj</name>
      </input_file>
      <input_file id="fl-4d">
         <path>C:\ti\ccs1200\ccs\tools\compiler\ti-cgt-msp430_21.6.0.LTS\lib\</path>
         <kind>archive</kind>
         <file>rts430_eabi.lib</file>
         <name>isxdigit.c.obj</name>
      </input_file>
      <input_file id="fl-4e">
         <path>C:\ti\ccs1200\ccs\tools\compiler\ti-cgt-msp430_21.6.0.LTS\lib\</path>
         <kind>archive</kind>
         <file>rts430_eabi.lib</file>
         <name>strchr.c.obj</name>
      </input_file>
      <input_file id="fl-4f">
         <path>C:\ti\ccs1200\ccs\tools\compiler\ti-cgt-msp430_21.6.0.LTS\lib\</path>
         <kind>archive</kind>
         <file>rts430_eabi.lib</file>
         <name>strlen.c.obj</name>
      </input_file>
      <input_file id="fl-50">
         <path>C:\ti\ccs1200\ccs\tools\compiler\ti-cgt-msp430_21.6.0.LTS\lib\</path>
         <kind>archive</kind>
         <file>rts430_eabi.lib</file>
         <name>strtol.c.obj</name>
      </input_file>
      <input_file id="fl-51">
         <path>C:\ti\ccs1200\ccs\tools\compiler\ti-cgt-msp430_21.6.0.LTS\lib\</path>
         <kind>archive</kind>
         <file>rts430_eabi.lib</file>
         <name>strtoul.c.obj</name>
      </input_file>
      <input_file id="fl-52">
         <path>C:\ti\ccs1200\ccs\tools\compiler\ti-cgt-msp430_21.6.0.LTS\lib\</path>
         <kind>archive</kind>
         <file>rts430_eabi.lib</file>
         <name>write.c.obj</name>
      </input_file>
      <input_file id="fl-53">
         <path>C:\ti\ccs1200\ccs\tools\compiler\ti-cgt-msp430_21.6.0.LTS\lib\</path>
         <kind>archive</kind>
         <file>rts430_eabi.lib</file>
         <name>host_device.c.obj</name>
      </input_file>
      <input_file id="fl-54">
         <path>C:\ti\ccs1200\ccs\tools\compiler\ti-cgt-msp430_21.6.0.LTS\lib\</path>
         <kind>archive</kind>
         <file>rts430_eabi.lib</file>
         <name>open.c.obj</name>
      </input_file>
      <input_file id="fl-55">
         <path>C:\ti\ccs1200\ccs\tools\compiler\ti-cgt-msp430_21.6.0.LTS\lib\</path>
         <kind>archive</kind>
         <file>rts430_eabi.lib</file>
         <name>lseek.c.obj</name>
      </input_file>
      <input_file id="fl-56">
         <path>C:\ti\ccs1200\ccs\tools\compiler\ti-cgt-msp430_21.6.0.LTS\lib\</path>
         <kind>archive</kind>
         <file>rts430_eabi.lib</file>
         <name>errno.c.obj</name>
      </input_file>
      <input_file id="fl-57">
         <path>C:\ti\ccs1200\ccs\tools\compiler\ti-cgt-msp430_21.6.0.LTS\lib\</path>
         <kind>archive</kind>
         <file>rts430_eabi.lib</file>
         <name>fclose.c.obj</name>
      </input_file>
      <input_file id="fl-58">
         <path>C:\ti\ccs1200\ccs\tools\compiler\ti-cgt-msp430_21.6.0.LTS\lib\</path>
         <kind>archive</kind>
         <file>rts430_eabi.lib</file>
         <name>getdevice.c.obj</name>
      </input_file>
      <input_file id="fl-59">
         <path>C:\ti\ccs1200\ccs\tools\compiler\ti-cgt-msp430_21.6.0.LTS\lib\</path>
         <kind>archive</kind>
         <file>rts430_eabi.lib</file>
         <name>div32u.asm.obj</name>
      </input_file>
      <input_file id="fl-5a">
         <path>C:\ti\ccs1200\ccs\tools\compiler\ti-cgt-msp430_21.6.0.LTS\lib\</path>
         <kind>archive</kind>
         <file>rts430_eabi.lib</file>
         <name>mult32.asm.obj</name>
      </input_file>
      <input_file id="fl-5b">
         <path>C:\ti\ccs1200\ccs\tools\compiler\ti-cgt-msp430_21.6.0.LTS\lib\</path>
         <kind>archive</kind>
         <file>rts430_eabi.lib</file>
         <name>strcmp.c.obj</name>
      </input_file>
      <input_file id="fl-5c">
         <path>C:\ti\ccs1200\ccs\tools\compiler\ti-cgt-msp430_21.6.0.LTS\lib\</path>
         <kind>archive</kind>
         <file>rts430_eabi.lib</file>
         <name>strncpy.c.obj</name>
      </input_file>
      <input_file id="fl-5d">
         <path>C:\ti\ccs1200\ccs\tools\compiler\ti-cgt-msp430_21.6.0.LTS\lib\</path>
         <kind>archive</kind>
         <file>rts430_eabi.lib</file>
         <name>hostclose.c.obj</name>
      </input_file>
      <input_file id="fl-5e">
         <path>C:\ti\ccs1200\ccs\tools\compiler\ti-cgt-msp430_21.6.0.LTS\lib\</path>
         <kind>archive</kind>
         <file>rts430_eabi.lib</file>
         <name>hostlseek.c.obj</name>
      </input_file>
      <input_file id="fl-5f">
         <path>C:\ti\ccs1200\ccs\tools\compiler\ti-cgt-msp430_21.6.0.LTS\lib\</path>
         <kind>archive</kind>
         <file>rts430_eabi.lib</file>
         <name>hostopen.c.obj</name>
      </input_file>
      <input_file id="fl-60">
         <path>C:\ti\ccs1200\ccs\tools\compiler\ti-cgt-msp430_21.6.0.LTS\lib\</path>
         <kind>archive</kind>
         <file>rts430_eabi.lib</file>
         <name>hostread.c.obj</name>
      </input_file>
      <input_file id="fl-61">
         <path>C:\ti\ccs1200\ccs\tools\compiler\ti-cgt-msp430_21.6.0.LTS\lib\</path>
         <kind>archive</kind>
         <file>rts430_eabi.lib</file>
         <name>hostrename.c.obj</name>
      </input_file>
      <input_file id="fl-62">
         <path>C:\ti\ccs1200\ccs\tools\compiler\ti-cgt-msp430_21.6.0.LTS\lib\</path>
         <kind>archive</kind>
         <file>rts430_eabi.lib</file>
         <name>hostunlink.c.obj</name>
      </input_file>
      <input_file id="fl-63">
         <path>C:\ti\ccs1200\ccs\tools\compiler\ti-cgt-msp430_21.6.0.LTS\lib\</path>
         <kind>archive</kind>
         <file>rts430_eabi.lib</file>
         <name>hostwrite.c.obj</name>
      </input_file>
      <input_file id="fl-64">
         <path>C:\ti\ccs1200\ccs\tools\compiler\ti-cgt-msp430_21.6.0.LTS\lib\</path>
         <kind>archive</kind>
         <file>rts430_eabi.lib</file>
         <name>trgmsg.c.obj</name>
      </input_file>
      <input_file id="fl-65">
         <path>C:\ti\ccs1200\ccs\tools\compiler\ti-cgt-msp430_21.6.0.LTS\lib\</path>
         <kind>archive</kind>
         <file>rts430_eabi.lib</file>
         <name>remove.c.obj</name>
      </input_file>
      <input_file id="fl-66">
         <path>C:\ti\ccs1200\ccs\tools\compiler\ti-cgt-msp430_21.6.0.LTS\lib\</path>
         <kind>archive</kind>
         <file>rts430_eabi.lib</file>
         <name>close.c.obj</name>
      </input_file>
      <input_file id="fl-67">
         <path>C:\ti\ccs1200\ccs\tools\compiler\ti-cgt-msp430_21.6.0.LTS\lib\</path>
         <kind>archive</kind>
         <file>rts430_eabi.lib</file>
         <name>lsl32.asm.obj</name>
      </input_file>
      <input_file id="fl-68">
         <path>C:\ti\ccs1200\ccs\tools\compiler\ti-cgt-msp430_21.6.0.LTS\lib\</path>
         <kind>archive</kind>
         <file>rts430_eabi.lib</file>
         <name>strcpy.c.obj</name>
      </input_file>
      <input_file id="fl-69">
         <path>C:\ti\ccs1200\ccs\tools\compiler\ti-cgt-msp430_21.6.0.LTS\lib\</path>
         <kind>archive</kind>
         <file>rts430_eabi.lib</file>
         <name>unlink.c.obj</name>
      </input_file>
   </input_file_list>
   <object_component_list>
      <object_component id="oc-3d8">
         <name>.bss</name>
         <uninitialized>true</uninitialized>
         <run_address>0x3c8</run_address>
         <size>0x2</size>
         <input_file_ref idref="fl-41"/>
      </object_component>
      <object_component id="oc-19d">
         <name>.common:sel_disp</name>
         <uninitialized>true</uninitialized>
         <run_address>0x3ca</run_address>
         <size>0x1</size>
      </object_component>
      <object_component id="oc-3ed">
         <name>.common:__TI_tmpnams</name>
         <uninitialized>true</uninitialized>
         <run_address>0x320</run_address>
         <size>0xa0</size>
      </object_component>
      <object_component id="oc-3f8">
         <name>.common:parmbuf</name>
         <uninitialized>true</uninitialized>
         <run_address>0x3c0</run_address>
         <size>0x8</size>
      </object_component>
      <object_component id="oc-143">
         <name>.data</name>
         <load_address>0xee</load_address>
         <run_address>0xee</run_address>
         <size>0x6</size>
         <input_file_ref idref="fl-2"/>
      </object_component>
      <object_component id="oc-202">
         <name>.data:__TI_cleanup_ptr</name>
         <load_address>0xf4</load_address>
         <run_address>0xf4</run_address>
         <size>0x2</size>
         <input_file_ref idref="fl-34"/>
      </object_component>
      <object_component id="oc-1ff">
         <name>.data:__TI_dtors_ptr</name>
         <load_address>0xf6</load_address>
         <run_address>0xf6</run_address>
         <size>0x2</size>
         <input_file_ref idref="fl-34"/>
      </object_component>
      <object_component id="oc-1f9">
         <name>.data</name>
         <load_address>0x100</load_address>
         <run_address>0x100</run_address>
         <size>0x2</size>
         <input_file_ref idref="fl-3b"/>
      </object_component>
      <object_component id="oc-1fc">
         <name>.data:_lock</name>
         <load_address>0xf8</load_address>
         <run_address>0xf8</run_address>
         <size>0x2</size>
         <input_file_ref idref="fl-3c"/>
      </object_component>
      <object_component id="oc-205">
         <name>.data:_unlock</name>
         <load_address>0xfa</load_address>
         <run_address>0xfa</run_address>
         <size>0x2</size>
         <input_file_ref idref="fl-3c"/>
      </object_component>
      <object_component id="oc-22b">
         <name>.data:_ftable</name>
         <load_address>0x0</load_address>
         <run_address>0x0</run_address>
         <size>0x78</size>
         <input_file_ref idref="fl-3e"/>
      </object_component>
      <object_component id="oc-321">
         <name>.data</name>
         <load_address>0xfc</load_address>
         <run_address>0xfc</run_address>
         <size>0x2</size>
         <input_file_ref idref="fl-3e"/>
      </object_component>
      <object_component id="oc-3dd">
         <name>.data</name>
         <load_address>0x102</load_address>
         <run_address>0x102</run_address>
         <size>0x2</size>
         <input_file_ref idref="fl-41"/>
      </object_component>
      <object_component id="oc-371">
         <name>.data:_device</name>
         <load_address>0x78</load_address>
         <run_address>0x78</run_address>
         <size>0x4e</size>
         <input_file_ref idref="fl-53"/>
      </object_component>
      <object_component id="oc-32c">
         <name>.data:_stream</name>
         <load_address>0xc6</load_address>
         <run_address>0xc6</run_address>
         <size>0x28</size>
         <input_file_ref idref="fl-53"/>
      </object_component>
      <object_component id="oc-2fe">
         <name>.data</name>
         <load_address>0xfe</load_address>
         <run_address>0xfe</run_address>
         <size>0x2</size>
         <input_file_ref idref="fl-56"/>
      </object_component>
      <object_component id="oc-b5">
         <name>.sysmem</name>
         <uninitialized>true</uninitialized>
         <run_address>0x0</run_address>
         <size>0x8</size>
         <input_file_ref idref="fl-41"/>
      </object_component>
      <object_component id="oc-4be">
         <name>.sysmem</name>
         <uninitialized>true</uninitialized>
         <run_address>0x0</run_address>
         <size>0x0</size>
      </object_component>
      <object_component id="oc-b1">
         <name>.stack</name>
         <uninitialized>true</uninitialized>
         <run_address>0x0</run_address>
         <size>0x2</size>
         <input_file_ref idref="fl-31"/>
      </object_component>
      <object_component id="oc-4bd">
         <name>.stack</name>
         <uninitialized>true</uninitialized>
         <run_address>0x0</run_address>
         <size>0x0</size>
      </object_component>
      <object_component id="oc-240">
         <name>.text:__TI_scanfi_minimal</name>
         <load_address>0xc000</load_address>
         <run_address>0xc000</run_address>
         <size>0x304</size>
         <input_file_ref idref="fl-44"/>
      </object_component>
      <object_component id="oc-299">
         <name>.text:strtol</name>
         <load_address>0xc304</load_address>
         <run_address>0xc304</run_address>
         <size>0x212</size>
         <input_file_ref idref="fl-50"/>
      </object_component>
      <object_component id="oc-2ab">
         <name>.text:_sproc_int</name>
         <load_address>0xc516</load_address>
         <run_address>0xc516</run_address>
         <size>0x1cc</size>
         <input_file_ref idref="fl-44"/>
      </object_component>
      <object_component id="oc-293">
         <name>.text:strtoul</name>
         <load_address>0xc6e2</load_address>
         <run_address>0xc6e2</run_address>
         <size>0x1a0</size>
         <input_file_ref idref="fl-51"/>
      </object_component>
      <object_component id="oc-390">
         <name>.text:aligned_alloc</name>
         <load_address>0xc882</load_address>
         <run_address>0xc882</run_address>
         <size>0xf6</size>
         <input_file_ref idref="fl-41"/>
      </object_component>
      <object_component id="oc-333">
         <name>.text:free</name>
         <load_address>0xc978</load_address>
         <run_address>0xc978</run_address>
         <size>0xd2</size>
         <input_file_ref idref="fl-41"/>
      </object_component>
      <object_component id="oc-2e7">
         <name>.text:setvbuf</name>
         <load_address>0xca4a</load_address>
         <run_address>0xca4a</run_address>
         <size>0xd0</size>
         <input_file_ref idref="fl-21"/>
      </object_component>
      <object_component id="oc-1a0">
         <name>.text:mostra_digito</name>
         <load_address>0xcb1a</load_address>
         <run_address>0xcb1a</run_address>
         <size>0x9e</size>
         <input_file_ref idref="fl-2"/>
      </object_component>
      <object_component id="oc-23a">
         <name>.text:_chkmbc</name>
         <load_address>0xcbb8</load_address>
         <run_address>0xcbb8</run_address>
         <size>0x98</size>
         <input_file_ref idref="fl-1d"/>
      </object_component>
      <object_component id="oc-2d9">
         <name>.text:__TI_buff_read</name>
         <load_address>0xcc50</load_address>
         <run_address>0xcc50</run_address>
         <size>0x92</size>
         <input_file_ref idref="fl-1f"/>
      </object_component>
      <object_component id="oc-27e">
         <name>.text:fgetc</name>
         <load_address>0xcce2</load_address>
         <run_address>0xcce2</run_address>
         <size>0x8e</size>
         <input_file_ref idref="fl-1e"/>
      </object_component>
      <object_component id="oc-285">
         <name>.text:ungetc</name>
         <load_address>0xcd70</load_address>
         <run_address>0xcd70</run_address>
         <size>0x8a</size>
         <input_file_ref idref="fl-22"/>
      </object_component>
      <object_component id="oc-3c2">
         <name>.text:HOSTlseek</name>
         <load_address>0xcdfa</load_address>
         <run_address>0xcdfa</run_address>
         <size>0x88</size>
         <input_file_ref idref="fl-5e"/>
      </object_component>
      <object_component id="oc-34">
         <name>.text:decompress:lzss:__TI_decompress_lzss</name>
         <load_address>0xce82</load_address>
         <run_address>0xce82</run_address>
         <size>0x7c</size>
         <input_file_ref idref="fl-3a"/>
      </object_component>
      <object_component id="oc-397">
         <name>.text:__TI_closefile</name>
         <load_address>0xcefe</load_address>
         <run_address>0xcefe</run_address>
         <size>0x72</size>
         <input_file_ref idref="fl-57"/>
      </object_component>
      <object_component id="oc-3ce">
         <name>.text:HOSTrename</name>
         <load_address>0xcf70</load_address>
         <run_address>0xcf70</run_address>
         <size>0x6a</size>
         <input_file_ref idref="fl-61"/>
      </object_component>
      <object_component id="oc-3e0">
         <name>.text:split</name>
         <load_address>0xcfda</load_address>
         <run_address>0xcfda</run_address>
         <size>0x68</size>
         <input_file_ref idref="fl-41"/>
      </object_component>
      <object_component id="oc-3aa">
         <name>.text:HOSTopen</name>
         <load_address>0xd042</load_address>
         <run_address>0xd042</run_address>
         <size>0x66</size>
         <input_file_ref idref="fl-5f"/>
      </object_component>
      <object_component id="oc-3bc">
         <name>.text:HOSTwrite</name>
         <load_address>0xd0a8</load_address>
         <run_address>0xd0a8</run_address>
         <size>0x62</size>
         <input_file_ref idref="fl-63"/>
      </object_component>
      <object_component id="oc-324">
         <name>.text:__TI_doflush</name>
         <load_address>0xd10a</load_address>
         <run_address>0xd10a</run_address>
         <size>0x62</size>
         <input_file_ref idref="fl-45"/>
      </object_component>
      <object_component id="oc-3b6">
         <name>.text:HOSTread</name>
         <load_address>0xd16c</load_address>
         <run_address>0xd16c</run_address>
         <size>0x60</size>
         <input_file_ref idref="fl-60"/>
      </object_component>
      <object_component id="oc-2d3">
         <name>.text:__TI_rd_ok</name>
         <load_address>0xd1cc</load_address>
         <run_address>0xd1cc</run_address>
         <size>0x58</size>
         <input_file_ref idref="fl-20"/>
      </object_component>
      <object_component id="oc-426">
         <name>.text:getdevice</name>
         <load_address>0xd224</load_address>
         <run_address>0xd224</run_address>
         <size>0x58</size>
         <input_file_ref idref="fl-58"/>
      </object_component>
      <object_component id="oc-2f9">
         <name>.text</name>
         <load_address>0xd27c</load_address>
         <run_address>0xd27c</run_address>
         <size>0x58</size>
         <input_file_ref idref="fl-59"/>
      </object_component>
      <object_component id="oc-bd">
         <name>.text</name>
         <load_address>0xd2d4</load_address>
         <run_address>0xd2d4</run_address>
         <size>0x4c</size>
         <input_file_ref idref="fl-4a"/>
      </object_component>
      <object_component id="oc-3e7">
         <name>.text:close</name>
         <load_address>0xd320</load_address>
         <run_address>0xd320</run_address>
         <size>0x4a</size>
         <input_file_ref idref="fl-66"/>
      </object_component>
      <object_component id="oc-3b0">
         <name>.text:HOSTclose</name>
         <load_address>0xd36a</load_address>
         <run_address>0xd36a</run_address>
         <size>0x44</size>
         <input_file_ref idref="fl-5d"/>
      </object_component>
      <object_component id="oc-1ad">
         <name>.text:exit</name>
         <load_address>0xd3ae</load_address>
         <run_address>0xd3ae</run_address>
         <size>0x44</size>
         <input_file_ref idref="fl-3b"/>
      </object_component>
      <object_component id="oc-1b3">
         <name>.text:__TI_auto_init_nobinit_nopinit:__TI_auto_init_nobinit_nopinit</name>
         <load_address>0xd3f2</load_address>
         <run_address>0xd3f2</run_address>
         <size>0x42</size>
         <input_file_ref idref="fl-32"/>
      </object_component>
      <object_component id="oc-1e9">
         <name>.text:scanf</name>
         <load_address>0xd434</load_address>
         <run_address>0xd434</run_address>
         <size>0x42</size>
         <input_file_ref idref="fl-1d"/>
      </object_component>
      <object_component id="oc-3c8">
         <name>.text:HOSTunlink</name>
         <load_address>0xd476</load_address>
         <run_address>0xd476</run_address>
         <size>0x40</size>
         <input_file_ref idref="fl-62"/>
      </object_component>
      <object_component id="oc-40e">
         <name>.text:l_lsl_const</name>
         <load_address>0xd4b6</load_address>
         <run_address>0xd4b6</run_address>
         <size>0x3e</size>
         <input_file_ref idref="fl-67"/>
      </object_component>
      <object_component id="oc-33f">
         <name>.text:__TI_cleanup</name>
         <load_address>0xd4f4</load_address>
         <run_address>0xd4f4</run_address>
         <size>0x34</size>
         <input_file_ref idref="fl-46"/>
      </object_component>
      <object_component id="oc-44f">
         <name>.text:finddevice</name>
         <load_address>0xd528</load_address>
         <run_address>0xd528</run_address>
         <size>0x34</size>
         <input_file_ref idref="fl-58"/>
      </object_component>
      <object_component id="oc-e4">
         <name>.text:Port1_RTI</name>
         <load_address>0xd55c</load_address>
         <run_address>0xd55c</run_address>
         <size>0x2e</size>
         <input_file_ref idref="fl-2"/>
      </object_component>
      <object_component id="oc-3fb">
         <name>.text:__TI_writemsg</name>
         <load_address>0xd58a</load_address>
         <run_address>0xd58a</run_address>
         <size>0x2e</size>
         <input_file_ref idref="fl-64"/>
      </object_component>
      <object_component id="oc-401">
         <name>.text:__TI_readmsg</name>
         <load_address>0xd5b8</load_address>
         <run_address>0xd5b8</run_address>
         <size>0x2c</size>
         <input_file_ref idref="fl-64"/>
      </object_component>
      <object_component id="oc-b8">
         <name>.text</name>
         <load_address>0xd5e4</load_address>
         <run_address>0xd5e4</run_address>
         <size>0x2c</size>
         <input_file_ref idref="fl-49"/>
      </object_component>
      <object_component id="oc-449">
         <name>.text:strncpy</name>
         <load_address>0xd610</load_address>
         <run_address>0xd610</run_address>
         <size>0x2c</size>
         <input_file_ref idref="fl-5c"/>
      </object_component>
      <object_component id="oc-389">
         <name>.text:free_list_insert</name>
         <load_address>0xd63c</load_address>
         <run_address>0xd63c</run_address>
         <size>0x28</size>
         <input_file_ref idref="fl-41"/>
      </object_component>
      <object_component id="oc-3ee">
         <name>.text:unlink</name>
         <load_address>0xd664</load_address>
         <run_address>0xd664</run_address>
         <size>0x28</size>
         <input_file_ref idref="fl-69"/>
      </object_component>
      <object_component id="oc-2f4">
         <name>.text</name>
         <load_address>0xd68c</load_address>
         <run_address>0xd68c</run_address>
         <size>0x26</size>
         <input_file_ref idref="fl-5a"/>
      </object_component>
      <object_component id="oc-2df">
         <name>.text:read</name>
         <load_address>0xd6b2</load_address>
         <run_address>0xd6b2</run_address>
         <size>0x24</size>
         <input_file_ref idref="fl-43"/>
      </object_component>
      <object_component id="oc-367">
         <name>.text:write</name>
         <load_address>0xd6d6</load_address>
         <run_address>0xd6d6</run_address>
         <size>0x24</size>
         <input_file_ref idref="fl-52"/>
      </object_component>
      <object_component id="oc-155">
         <name>.text:main</name>
         <load_address>0xd6fa</load_address>
         <run_address>0xd6fa</run_address>
         <size>0x20</size>
         <input_file_ref idref="fl-2"/>
      </object_component>
      <object_component id="oc-197">
         <name>.text:select_disp</name>
         <load_address>0xd71a</load_address>
         <run_address>0xd71a</run_address>
         <size>0x20</size>
         <input_file_ref idref="fl-2"/>
      </object_component>
      <object_component id="oc-fc">
         <name>.text:_c_int00_noargs</name>
         <load_address>0xd73a</load_address>
         <run_address>0xd73a</run_address>
         <size>0x1c</size>
         <input_file_ref idref="fl-31"/>
      </object_component>
      <object_component id="oc-383">
         <name>.text:free_list_remove</name>
         <load_address>0xd756</load_address>
         <run_address>0xd756</run_address>
         <size>0x1c</size>
         <input_file_ref idref="fl-41"/>
      </object_component>
      <object_component id="oc-30a">
         <name>.text:strchr</name>
         <load_address>0xd772</load_address>
         <run_address>0xd772</run_address>
         <size>0x1a</size>
         <input_file_ref idref="fl-4e"/>
      </object_component>
      <object_component id="oc-18b">
         <name>.text:start_p1</name>
         <load_address>0xd78c</load_address>
         <run_address>0xd78c</run_address>
         <size>0x18</size>
         <input_file_ref idref="fl-2"/>
      </object_component>
      <object_component id="oc-466">
         <name>.text:strcmp</name>
         <load_address>0xd7a4</load_address>
         <run_address>0xd7a4</run_address>
         <size>0x18</size>
         <input_file_ref idref="fl-5b"/>
      </object_component>
      <object_component id="oc-ea">
         <name>.text:decompress:ZI:__TI_zero_init_nomemset:__TI_zero_init_nomemset</name>
         <load_address>0xd7bc</load_address>
         <run_address>0xd7bc</run_address>
         <size>0x14</size>
         <input_file_ref idref="fl-33"/>
      </object_component>
      <object_component id="oc-29f">
         <name>.text:memset</name>
         <load_address>0xd7d0</load_address>
         <run_address>0xd7d0</run_address>
         <size>0x14</size>
         <input_file_ref idref="fl-42"/>
      </object_component>
      <object_component id="oc-3a">
         <name>.text:decompress:none:__TI_decompress_none</name>
         <load_address>0xd7e4</load_address>
         <run_address>0xd7e4</run_address>
         <size>0x12</size>
         <input_file_ref idref="fl-39"/>
      </object_component>
      <object_component id="oc-d2">
         <name>.text:memcpy</name>
         <load_address>0xd7f6</load_address>
         <run_address>0xd7f6</run_address>
         <size>0x12</size>
         <input_file_ref idref="fl-40"/>
      </object_component>
      <object_component id="oc-c2">
         <name>.text</name>
         <load_address>0xd808</load_address>
         <run_address>0xd808</run_address>
         <size>0x10</size>
         <input_file_ref idref="fl-23"/>
      </object_component>
      <object_component id="oc-191">
         <name>.text:start_p2</name>
         <load_address>0xd818</load_address>
         <run_address>0xd818</run_address>
         <size>0x10</size>
         <input_file_ref idref="fl-2"/>
      </object_component>
      <object_component id="oc-417">
         <name>.text:strcpy</name>
         <load_address>0xd828</load_address>
         <run_address>0xd828</run_address>
         <size>0x10</size>
         <input_file_ref idref="fl-68"/>
      </object_component>
      <object_component id="oc-2a5">
         <name>.text:strlen</name>
         <load_address>0xd838</load_address>
         <run_address>0xd838</run_address>
         <size>0xe</size>
         <input_file_ref idref="fl-4f"/>
      </object_component>
      <object_component id="oc-234">
         <name>.text:_uninpchar</name>
         <load_address>0xd846</load_address>
         <run_address>0xd846</run_address>
         <size>0xa</size>
         <input_file_ref idref="fl-1d"/>
      </object_component>
      <object_component id="oc-311">
         <name>.text:isxdigit</name>
         <load_address>0xd850</load_address>
         <run_address>0xd850</run_address>
         <size>0xa</size>
         <input_file_ref idref="fl-4d"/>
      </object_component>
      <object_component id="oc-df">
         <name>.text:_isr:__TI_ISR_TRAP</name>
         <load_address>0xd85a</load_address>
         <run_address>0xd85a</run_address>
         <size>0x8</size>
         <input_file_ref idref="fl-30"/>
      </object_component>
      <object_component id="oc-28c">
         <name>.text:isspace</name>
         <load_address>0xd862</load_address>
         <run_address>0xd862</run_address>
         <size>0x8</size>
         <input_file_ref idref="fl-3f"/>
      </object_component>
      <object_component id="oc-339">
         <name>.text:malloc</name>
         <load_address>0xd86a</load_address>
         <run_address>0xd86a</run_address>
         <size>0x8</size>
         <input_file_ref idref="fl-41"/>
      </object_component>
      <object_component id="oc-22e">
         <name>.text:_inpchar</name>
         <load_address>0xd872</load_address>
         <run_address>0xd872</run_address>
         <size>0x6</size>
         <input_file_ref idref="fl-1d"/>
      </object_component>
      <object_component id="oc-1a7">
         <name>.text:abort</name>
         <load_address>0xd878</load_address>
         <run_address>0xd878</run_address>
         <size>0x6</size>
         <input_file_ref idref="fl-3b"/>
      </object_component>
      <object_component id="oc-14f">
         <name>.text:_system_pre_init</name>
         <load_address>0xd87e</load_address>
         <run_address>0xd87e</run_address>
         <size>0x4</size>
         <input_file_ref idref="fl-37"/>
      </object_component>
      <object_component id="oc-24f">
         <name>.text:_nop</name>
         <load_address>0xd882</load_address>
         <run_address>0xd882</run_address>
         <size>0x2</size>
         <input_file_ref idref="fl-3c"/>
      </object_component>
      <object_component id="oc-20a">
         <name>.text:_system_post_cinit</name>
         <load_address>0xd884</load_address>
         <run_address>0xd884</run_address>
         <size>0x2</size>
         <input_file_ref idref="fl-38"/>
      </object_component>
      <object_component id="oc-4bc">
         <name>.cinit..data.load</name>
         <load_address>0xd99a</load_address>
         <run_address>0xd99a</run_address>
         <size>0x26</size>
      </object_component>
      <object_component id="oc-4b9">
         <name>__TI_handler_table</name>
         <load_address>0xd9c0</load_address>
         <run_address>0xd9c0</run_address>
         <size>0x6</size>
      </object_component>
      <object_component id="oc-4bb">
         <name>.cinit..bss.load</name>
         <load_address>0xd9c6</load_address>
         <run_address>0xd9c6</run_address>
         <size>0x4</size>
      </object_component>
      <object_component id="oc-4ba">
         <name>__TI_cinit_table</name>
         <load_address>0xd9ca</load_address>
         <run_address>0xd9ca</run_address>
         <size>0x8</size>
      </object_component>
      <object_component id="oc-2ef">
         <name>.const:.string:_ctypes_</name>
         <load_address>0xd886</load_address>
         <run_address>0xd886</run_address>
         <size>0x101</size>
         <input_file_ref idref="fl-4c"/>
      </object_component>
      <object_component id="oc-309">
         <name>.const:.string:flit$1</name>
         <load_address>0xd988</load_address>
         <run_address>0xd988</run_address>
         <size>0x7</size>
         <input_file_ref idref="fl-44"/>
      </object_component>
      <object_component id="oc-310">
         <name>.const:.string:barr$2</name>
         <load_address>0xd990</load_address>
         <run_address>0xd990</run_address>
         <size>0x6</size>
         <input_file_ref idref="fl-44"/>
      </object_component>
      <object_component id="oc-1e8">
         <name>.const:.string</name>
         <load_address>0xd996</load_address>
         <run_address>0xd996</run_address>
         <size>0x4</size>
         <input_file_ref idref="fl-2"/>
      </object_component>
      <object_component id="oc-432">
         <name>.cio</name>
         <uninitialized>true</uninitialized>
         <run_address>0x200</run_address>
         <size>0x120</size>
         <input_file_ref idref="fl-64"/>
      </object_component>
      <object_component id="oc-47b">
         <name>.binit</name>
         <load_address>0xc000</load_address>
         <run_address>0xc000</run_address>
         <size>0x0</size>
      </object_component>
      <object_component id="oc-40">
         <name>.int00</name>
         <load_address>0xffe0</load_address>
         <run_address>0xffe0</run_address>
         <size>0x2</size>
         <input_file_ref idref="fl-24"/>
      </object_component>
      <object_component id="oc-41">
         <name>.int02</name>
         <load_address>0xffe4</load_address>
         <run_address>0xffe4</run_address>
         <size>0x2</size>
         <input_file_ref idref="fl-2"/>
      </object_component>
      <object_component id="oc-42">
         <name>.int03</name>
         <load_address>0xffe6</load_address>
         <run_address>0xffe6</run_address>
         <size>0x2</size>
         <input_file_ref idref="fl-25"/>
      </object_component>
      <object_component id="oc-43">
         <name>.int05</name>
         <load_address>0xffea</load_address>
         <run_address>0xffea</run_address>
         <size>0x2</size>
         <input_file_ref idref="fl-26"/>
      </object_component>
      <object_component id="oc-44">
         <name>.int06</name>
         <load_address>0xffec</load_address>
         <run_address>0xffec</run_address>
         <size>0x2</size>
         <input_file_ref idref="fl-27"/>
      </object_component>
      <object_component id="oc-45">
         <name>.int07</name>
         <load_address>0xffee</load_address>
         <run_address>0xffee</run_address>
         <size>0x2</size>
         <input_file_ref idref="fl-28"/>
      </object_component>
      <object_component id="oc-46">
         <name>.int08</name>
         <load_address>0xfff0</load_address>
         <run_address>0xfff0</run_address>
         <size>0x2</size>
         <input_file_ref idref="fl-29"/>
      </object_component>
      <object_component id="oc-47">
         <name>.int09</name>
         <load_address>0xfff2</load_address>
         <run_address>0xfff2</run_address>
         <size>0x2</size>
         <input_file_ref idref="fl-2a"/>
      </object_component>
      <object_component id="oc-48">
         <name>.int10</name>
         <load_address>0xfff4</load_address>
         <run_address>0xfff4</run_address>
         <size>0x2</size>
         <input_file_ref idref="fl-2b"/>
      </object_component>
      <object_component id="oc-49">
         <name>.int11</name>
         <load_address>0xfff6</load_address>
         <run_address>0xfff6</run_address>
         <size>0x2</size>
         <input_file_ref idref="fl-2c"/>
      </object_component>
      <object_component id="oc-4a">
         <name>.int12</name>
         <load_address>0xfff8</load_address>
         <run_address>0xfff8</run_address>
         <size>0x2</size>
         <input_file_ref idref="fl-2d"/>
      </object_component>
      <object_component id="oc-4b">
         <name>.int13</name>
         <load_address>0xfffa</load_address>
         <run_address>0xfffa</run_address>
         <size>0x2</size>
         <input_file_ref idref="fl-2e"/>
      </object_component>
      <object_component id="oc-4c">
         <name>.int14</name>
         <load_address>0xfffc</load_address>
         <run_address>0xfffc</run_address>
         <size>0x2</size>
         <input_file_ref idref="fl-2f"/>
      </object_component>
      <object_component id="oc-b4">
         <name>.reset</name>
         <load_address>0xfffe</load_address>
         <run_address>0xfffe</run_address>
         <size>0x2</size>
         <input_file_ref idref="fl-31"/>
      </object_component>
      <object_component id="oc-19e">
         <name>.debug_info</name>
         <load_address>0x0</load_address>
         <run_address>0x0</run_address>
         <size>0x25d</size>
         <input_file_ref idref="fl-2"/>
      </object_component>
      <object_component id="oc-144">
         <name>.debug_info</name>
         <load_address>0x25d</load_address>
         <run_address>0x25d</run_address>
         <size>0x100</size>
         <input_file_ref idref="fl-2"/>
      </object_component>
      <object_component id="oc-193">
         <name>.debug_info</name>
         <load_address>0x35d</load_address>
         <run_address>0x35d</run_address>
         <size>0xf2</size>
         <input_file_ref idref="fl-2"/>
      </object_component>
      <object_component id="oc-18c">
         <name>.debug_info</name>
         <load_address>0x44f</load_address>
         <run_address>0x44f</run_address>
         <size>0xf2</size>
         <input_file_ref idref="fl-2"/>
      </object_component>
      <object_component id="oc-199">
         <name>.debug_info</name>
         <load_address>0x541</load_address>
         <run_address>0x541</run_address>
         <size>0x11a</size>
         <input_file_ref idref="fl-2"/>
      </object_component>
      <object_component id="oc-1a2">
         <name>.debug_info</name>
         <load_address>0x65b</load_address>
         <run_address>0x65b</run_address>
         <size>0x12e</size>
         <input_file_ref idref="fl-2"/>
      </object_component>
      <object_component id="oc-157">
         <name>.debug_info</name>
         <load_address>0x789</load_address>
         <run_address>0x789</run_address>
         <size>0x12c</size>
         <input_file_ref idref="fl-2"/>
      </object_component>
      <object_component id="oc-e5">
         <name>.debug_info</name>
         <load_address>0x8b5</load_address>
         <run_address>0x8b5</run_address>
         <size>0xf5</size>
         <input_file_ref idref="fl-2"/>
      </object_component>
      <object_component id="oc-1f2">
         <name>.debug_info</name>
         <load_address>0x9aa</load_address>
         <run_address>0x9aa</run_address>
         <size>0x26b</size>
         <input_file_ref idref="fl-2"/>
      </object_component>
      <object_component id="oc-cd">
         <name>.debug_info</name>
         <load_address>0xc15</load_address>
         <run_address>0xc15</run_address>
         <size>0x84</size>
         <input_file_ref idref="fl-2"/>
      </object_component>
      <object_component id="oc-248">
         <name>.debug_info</name>
         <load_address>0xc99</load_address>
         <run_address>0xc99</run_address>
         <size>0x282</size>
         <input_file_ref idref="fl-2"/>
      </object_component>
      <object_component id="oc-2b3">
         <name>.debug_info</name>
         <load_address>0xf1b</load_address>
         <run_address>0xf1b</run_address>
         <size>0x2c</size>
         <input_file_ref idref="fl-2"/>
      </object_component>
      <object_component id="oc-247">
         <name>.debug_info</name>
         <load_address>0xf47</load_address>
         <run_address>0xf47</run_address>
         <size>0x322</size>
         <input_file_ref idref="fl-1d"/>
      </object_component>
      <object_component id="oc-23b">
         <name>.debug_info</name>
         <load_address>0x1269</load_address>
         <run_address>0x1269</run_address>
         <size>0x244</size>
         <input_file_ref idref="fl-1d"/>
      </object_component>
      <object_component id="oc-22f">
         <name>.debug_info</name>
         <load_address>0x14ad</load_address>
         <run_address>0x14ad</run_address>
         <size>0x161</size>
         <input_file_ref idref="fl-1d"/>
      </object_component>
      <object_component id="oc-235">
         <name>.debug_info</name>
         <load_address>0x160e</load_address>
         <run_address>0x160e</run_address>
         <size>0x190</size>
         <input_file_ref idref="fl-1d"/>
      </object_component>
      <object_component id="oc-1eb">
         <name>.debug_info</name>
         <load_address>0x179e</load_address>
         <run_address>0x179e</run_address>
         <size>0x17f</size>
         <input_file_ref idref="fl-1d"/>
      </object_component>
      <object_component id="oc-2bf">
         <name>.debug_info</name>
         <load_address>0x191d</load_address>
         <run_address>0x191d</run_address>
         <size>0xb2</size>
         <input_file_ref idref="fl-1d"/>
      </object_component>
      <object_component id="oc-2e6">
         <name>.debug_info</name>
         <load_address>0x19cf</load_address>
         <run_address>0x19cf</run_address>
         <size>0x24d</size>
         <input_file_ref idref="fl-1e"/>
      </object_component>
      <object_component id="oc-281">
         <name>.debug_info</name>
         <load_address>0x1c1c</load_address>
         <run_address>0x1c1c</run_address>
         <size>0x1d1</size>
         <input_file_ref idref="fl-1e"/>
      </object_component>
      <object_component id="oc-32b">
         <name>.debug_info</name>
         <load_address>0x1ded</load_address>
         <run_address>0x1ded</run_address>
         <size>0x248</size>
         <input_file_ref idref="fl-1f"/>
      </object_component>
      <object_component id="oc-2db">
         <name>.debug_info</name>
         <load_address>0x2035</load_address>
         <run_address>0x2035</run_address>
         <size>0x1e8</size>
         <input_file_ref idref="fl-1f"/>
      </object_component>
      <object_component id="oc-320">
         <name>.debug_info</name>
         <load_address>0x221d</load_address>
         <run_address>0x221d</run_address>
         <size>0x1d8</size>
         <input_file_ref idref="fl-20"/>
      </object_component>
      <object_component id="oc-2d4">
         <name>.debug_info</name>
         <load_address>0x23f5</load_address>
         <run_address>0x23f5</run_address>
         <size>0x18e</size>
         <input_file_ref idref="fl-20"/>
      </object_component>
      <object_component id="oc-347">
         <name>.debug_info</name>
         <load_address>0x2583</load_address>
         <run_address>0x2583</run_address>
         <size>0xbf</size>
         <input_file_ref idref="fl-20"/>
      </object_component>
      <object_component id="oc-346">
         <name>.debug_info</name>
         <load_address>0x2642</load_address>
         <run_address>0x2642</run_address>
         <size>0x24c</size>
         <input_file_ref idref="fl-21"/>
      </object_component>
      <object_component id="oc-2ea">
         <name>.debug_info</name>
         <load_address>0x288e</load_address>
         <run_address>0x288e</run_address>
         <size>0x1fe</size>
         <input_file_ref idref="fl-21"/>
      </object_component>
      <object_component id="oc-2ee">
         <name>.debug_info</name>
         <load_address>0x2a8c</load_address>
         <run_address>0x2a8c</run_address>
         <size>0x1e8</size>
         <input_file_ref idref="fl-22"/>
      </object_component>
      <object_component id="oc-286">
         <name>.debug_info</name>
         <load_address>0x2c74</load_address>
         <run_address>0x2c74</run_address>
         <size>0x1b7</size>
         <input_file_ref idref="fl-22"/>
      </object_component>
      <object_component id="oc-c5">
         <name>.debug_info</name>
         <load_address>0x2e2b</load_address>
         <run_address>0x2e2b</run_address>
         <size>0x12e</size>
         <input_file_ref idref="fl-23"/>
      </object_component>
      <object_component id="oc-e2">
         <name>.debug_info</name>
         <load_address>0x2f59</load_address>
         <run_address>0x2f59</run_address>
         <size>0x10f</size>
         <input_file_ref idref="fl-30"/>
      </object_component>
      <object_component id="oc-b2">
         <name>.debug_info</name>
         <load_address>0x3068</load_address>
         <run_address>0x3068</run_address>
         <size>0x100</size>
         <input_file_ref idref="fl-31"/>
      </object_component>
      <object_component id="oc-ff">
         <name>.debug_info</name>
         <load_address>0x3168</load_address>
         <run_address>0x3168</run_address>
         <size>0x17a</size>
         <input_file_ref idref="fl-31"/>
      </object_component>
      <object_component id="oc-211">
         <name>.debug_info</name>
         <load_address>0x32e2</load_address>
         <run_address>0x32e2</run_address>
         <size>0x3de</size>
         <input_file_ref idref="fl-32"/>
      </object_component>
      <object_component id="oc-1b5">
         <name>.debug_info</name>
         <load_address>0x36c0</load_address>
         <run_address>0x36c0</run_address>
         <size>0x1e0</size>
         <input_file_ref idref="fl-32"/>
      </object_component>
      <object_component id="oc-264">
         <name>.debug_info</name>
         <load_address>0x38a0</load_address>
         <run_address>0x38a0</run_address>
         <size>0x39</size>
         <input_file_ref idref="fl-32"/>
      </object_component>
      <object_component id="oc-275">
         <name>.debug_info</name>
         <load_address>0x38d9</load_address>
         <run_address>0x38d9</run_address>
         <size>0x2c</size>
         <input_file_ref idref="fl-32"/>
      </object_component>
      <object_component id="oc-21c">
         <name>.debug_info</name>
         <load_address>0x3905</load_address>
         <run_address>0x3905</run_address>
         <size>0x2c</size>
         <input_file_ref idref="fl-32"/>
      </object_component>
      <object_component id="oc-269">
         <name>.debug_info</name>
         <load_address>0x3931</load_address>
         <run_address>0x3931</run_address>
         <size>0xcd</size>
         <input_file_ref idref="fl-32"/>
      </object_component>
      <object_component id="oc-14d">
         <name>.debug_info</name>
         <load_address>0x39fe</load_address>
         <run_address>0x39fe</run_address>
         <size>0x175</size>
         <input_file_ref idref="fl-33"/>
      </object_component>
      <object_component id="oc-ec">
         <name>.debug_info</name>
         <load_address>0x3b73</load_address>
         <run_address>0x3b73</run_address>
         <size>0x1d2</size>
         <input_file_ref idref="fl-33"/>
      </object_component>
      <object_component id="oc-148">
         <name>.debug_info</name>
         <load_address>0x3d45</load_address>
         <run_address>0x3d45</run_address>
         <size>0x46</size>
         <input_file_ref idref="fl-33"/>
      </object_component>
      <object_component id="oc-136">
         <name>.debug_info</name>
         <load_address>0x3d8b</load_address>
         <run_address>0x3d8b</run_address>
         <size>0x2c</size>
         <input_file_ref idref="fl-33"/>
      </object_component>
      <object_component id="oc-25a">
         <name>.debug_info</name>
         <load_address>0x3db7</load_address>
         <run_address>0x3db7</run_address>
         <size>0x103</size>
         <input_file_ref idref="fl-34"/>
      </object_component>
      <object_component id="oc-203">
         <name>.debug_info</name>
         <load_address>0x3eba</load_address>
         <run_address>0x3eba</run_address>
         <size>0x11a</size>
         <input_file_ref idref="fl-34"/>
      </object_component>
      <object_component id="oc-200">
         <name>.debug_info</name>
         <load_address>0x3fd4</load_address>
         <run_address>0x3fd4</run_address>
         <size>0x116</size>
         <input_file_ref idref="fl-34"/>
      </object_component>
      <object_component id="oc-152">
         <name>.debug_info</name>
         <load_address>0x40ea</load_address>
         <run_address>0x40ea</run_address>
         <size>0x153</size>
         <input_file_ref idref="fl-37"/>
      </object_component>
      <object_component id="oc-20c">
         <name>.debug_info</name>
         <load_address>0x423d</load_address>
         <run_address>0x423d</run_address>
         <size>0x150</size>
         <input_file_ref idref="fl-38"/>
      </object_component>
      <object_component id="oc-de">
         <name>.debug_info</name>
         <load_address>0x438d</load_address>
         <run_address>0x438d</run_address>
         <size>0x180</size>
         <input_file_ref idref="fl-39"/>
      </object_component>
      <object_component id="oc-3b">
         <name>.debug_info</name>
         <load_address>0x450d</load_address>
         <run_address>0x450d</run_address>
         <size>0x1ea</size>
         <input_file_ref idref="fl-39"/>
      </object_component>
      <object_component id="oc-d9">
         <name>.debug_info</name>
         <load_address>0x46f7</load_address>
         <run_address>0x46f7</run_address>
         <size>0x46</size>
         <input_file_ref idref="fl-39"/>
      </object_component>
      <object_component id="oc-13b">
         <name>.debug_info</name>
         <load_address>0x473d</load_address>
         <run_address>0x473d</run_address>
         <size>0x2c</size>
         <input_file_ref idref="fl-39"/>
      </object_component>
      <object_component id="oc-133">
         <name>.debug_info</name>
         <load_address>0x4769</load_address>
         <run_address>0x4769</run_address>
         <size>0x176</size>
         <input_file_ref idref="fl-3a"/>
      </object_component>
      <object_component id="oc-38">
         <name>.debug_info</name>
         <load_address>0x48df</load_address>
         <run_address>0x48df</run_address>
         <size>0x292</size>
         <input_file_ref idref="fl-3a"/>
      </object_component>
      <object_component id="oc-c8">
         <name>.debug_info</name>
         <load_address>0x4b71</load_address>
         <run_address>0x4b71</run_address>
         <size>0x60</size>
         <input_file_ref idref="fl-3a"/>
      </object_component>
      <object_component id="oc-17d">
         <name>.debug_info</name>
         <load_address>0x4bd1</load_address>
         <run_address>0x4bd1</run_address>
         <size>0x46</size>
         <input_file_ref idref="fl-3a"/>
      </object_component>
      <object_component id="oc-12e">
         <name>.debug_info</name>
         <load_address>0x4c17</load_address>
         <run_address>0x4c17</run_address>
         <size>0x39</size>
         <input_file_ref idref="fl-3a"/>
      </object_component>
      <object_component id="oc-209">
         <name>.debug_info</name>
         <load_address>0x4c50</load_address>
         <run_address>0x4c50</run_address>
         <size>0x22e</size>
         <input_file_ref idref="fl-3b"/>
      </object_component>
      <object_component id="oc-1fa">
         <name>.debug_info</name>
         <load_address>0x4e7e</load_address>
         <run_address>0x4e7e</run_address>
         <size>0x132</size>
         <input_file_ref idref="fl-3b"/>
      </object_component>
      <object_component id="oc-1a8">
         <name>.debug_info</name>
         <load_address>0x4fb0</load_address>
         <run_address>0x4fb0</run_address>
         <size>0x122</size>
         <input_file_ref idref="fl-3b"/>
      </object_component>
      <object_component id="oc-1b1">
         <name>.debug_info</name>
         <load_address>0x50d2</load_address>
         <run_address>0x50d2</run_address>
         <size>0x197</size>
         <input_file_ref idref="fl-3b"/>
      </object_component>
      <object_component id="oc-257">
         <name>.debug_info</name>
         <load_address>0x5269</load_address>
         <run_address>0x5269</run_address>
         <size>0x163</size>
         <input_file_ref idref="fl-3c"/>
      </object_component>
      <object_component id="oc-1fd">
         <name>.debug_info</name>
         <load_address>0x53cc</load_address>
         <run_address>0x53cc</run_address>
         <size>0xff</size>
         <input_file_ref idref="fl-3c"/>
      </object_component>
      <object_component id="oc-206">
         <name>.debug_info</name>
         <load_address>0x54cb</load_address>
         <run_address>0x54cb</run_address>
         <size>0x103</size>
         <input_file_ref idref="fl-3c"/>
      </object_component>
      <object_component id="oc-251">
         <name>.debug_info</name>
         <load_address>0x55ce</load_address>
         <run_address>0x55ce</run_address>
         <size>0x12e</size>
         <input_file_ref idref="fl-3c"/>
      </object_component>
      <object_component id="oc-27c">
         <name>.debug_info</name>
         <load_address>0x56fc</load_address>
         <run_address>0x56fc</run_address>
         <size>0x13e</size>
         <input_file_ref idref="fl-3e"/>
      </object_component>
      <object_component id="oc-22c">
         <name>.debug_info</name>
         <load_address>0x583a</load_address>
         <run_address>0x583a</run_address>
         <size>0x102</size>
         <input_file_ref idref="fl-3e"/>
      </object_component>
      <object_component id="oc-322">
         <name>.debug_info</name>
         <load_address>0x593c</load_address>
         <run_address>0x593c</run_address>
         <size>0x10a</size>
         <input_file_ref idref="fl-3e"/>
      </object_component>
      <object_component id="oc-2f3">
         <name>.debug_info</name>
         <load_address>0x5a46</load_address>
         <run_address>0x5a46</run_address>
         <size>0x18e</size>
         <input_file_ref idref="fl-3f"/>
      </object_component>
      <object_component id="oc-28d">
         <name>.debug_info</name>
         <load_address>0x5bd4</load_address>
         <run_address>0x5bd4</run_address>
         <size>0x154</size>
         <input_file_ref idref="fl-3f"/>
      </object_component>
      <object_component id="oc-135">
         <name>.debug_info</name>
         <load_address>0x5d28</load_address>
         <run_address>0x5d28</run_address>
         <size>0x181</size>
         <input_file_ref idref="fl-40"/>
      </object_component>
      <object_component id="oc-d5">
         <name>.debug_info</name>
         <load_address>0x5ea9</load_address>
         <run_address>0x5ea9</run_address>
         <size>0x17a</size>
         <input_file_ref idref="fl-40"/>
      </object_component>
      <object_component id="oc-12a">
         <name>.debug_info</name>
         <load_address>0x6023</load_address>
         <run_address>0x6023</run_address>
         <size>0x22a</size>
         <input_file_ref idref="fl-41"/>
      </object_component>
      <object_component id="oc-b6">
         <name>.debug_info</name>
         <load_address>0x624d</load_address>
         <run_address>0x624d</run_address>
         <size>0x10c</size>
         <input_file_ref idref="fl-41"/>
      </object_component>
      <object_component id="oc-3de">
         <name>.debug_info</name>
         <load_address>0x6359</load_address>
         <run_address>0x6359</run_address>
         <size>0x11f</size>
         <input_file_ref idref="fl-41"/>
      </object_component>
      <object_component id="oc-3d9">
         <name>.debug_info</name>
         <load_address>0x6478</load_address>
         <run_address>0x6478</run_address>
         <size>0x105</size>
         <input_file_ref idref="fl-41"/>
      </object_component>
      <object_component id="oc-33b">
         <name>.debug_info</name>
         <load_address>0x657d</load_address>
         <run_address>0x657d</run_address>
         <size>0x168</size>
         <input_file_ref idref="fl-41"/>
      </object_component>
      <object_component id="oc-387">
         <name>.debug_info</name>
         <load_address>0x66e5</load_address>
         <run_address>0x66e5</run_address>
         <size>0x18e</size>
         <input_file_ref idref="fl-41"/>
      </object_component>
      <object_component id="oc-38b">
         <name>.debug_info</name>
         <load_address>0x6873</load_address>
         <run_address>0x6873</run_address>
         <size>0x19f</size>
         <input_file_ref idref="fl-41"/>
      </object_component>
      <object_component id="oc-335">
         <name>.debug_info</name>
         <load_address>0x6a12</load_address>
         <run_address>0x6a12</run_address>
         <size>0x203</size>
         <input_file_ref idref="fl-41"/>
      </object_component>
      <object_component id="oc-3e2">
         <name>.debug_info</name>
         <load_address>0x6c15</load_address>
         <run_address>0x6c15</run_address>
         <size>0x1db</size>
         <input_file_ref idref="fl-41"/>
      </object_component>
      <object_component id="oc-393">
         <name>.debug_info</name>
         <load_address>0x6df0</load_address>
         <run_address>0x6df0</run_address>
         <size>0x273</size>
         <input_file_ref idref="fl-41"/>
      </object_component>
      <object_component id="oc-178">
         <name>.debug_info</name>
         <load_address>0x7063</load_address>
         <run_address>0x7063</run_address>
         <size>0xb2</size>
         <input_file_ref idref="fl-41"/>
      </object_component>
      <object_component id="oc-173">
         <name>.debug_info</name>
         <load_address>0x7115</load_address>
         <run_address>0x7115</run_address>
         <size>0x2c</size>
         <input_file_ref idref="fl-41"/>
      </object_component>
      <object_component id="oc-306">
         <name>.debug_info</name>
         <load_address>0x7141</load_address>
         <run_address>0x7141</run_address>
         <size>0x16d</size>
         <input_file_ref idref="fl-42"/>
      </object_component>
      <object_component id="oc-2a0">
         <name>.debug_info</name>
         <load_address>0x72ae</load_address>
         <run_address>0x72ae</run_address>
         <size>0x275</size>
         <input_file_ref idref="fl-42"/>
      </object_component>
      <object_component id="oc-330">
         <name>.debug_info</name>
         <load_address>0x7523</load_address>
         <run_address>0x7523</run_address>
         <size>0x26e</size>
         <input_file_ref idref="fl-43"/>
      </object_component>
      <object_component id="oc-2e2">
         <name>.debug_info</name>
         <load_address>0x7791</load_address>
         <run_address>0x7791</run_address>
         <size>0x184</size>
         <input_file_ref idref="fl-43"/>
      </object_component>
      <object_component id="oc-379">
         <name>.debug_info</name>
         <load_address>0x7915</load_address>
         <run_address>0x7915</run_address>
         <size>0x120</size>
         <input_file_ref idref="fl-43"/>
      </object_component>
      <object_component id="oc-37e">
         <name>.debug_info</name>
         <load_address>0x7a35</load_address>
         <run_address>0x7a35</run_address>
         <size>0x2c</size>
         <input_file_ref idref="fl-43"/>
      </object_component>
      <object_component id="oc-2b2">
         <name>.debug_info</name>
         <load_address>0x7a61</load_address>
         <run_address>0x7a61</run_address>
         <size>0x34c</size>
         <input_file_ref idref="fl-44"/>
      </object_component>
      <object_component id="oc-2ad">
         <name>.debug_info</name>
         <load_address>0x7dad</load_address>
         <run_address>0x7dad</run_address>
         <size>0x42b</size>
         <input_file_ref idref="fl-44"/>
      </object_component>
      <object_component id="oc-244">
         <name>.debug_info</name>
         <load_address>0x81d8</load_address>
         <run_address>0x81d8</run_address>
         <size>0x4dc</size>
         <input_file_ref idref="fl-44"/>
      </object_component>
      <object_component id="oc-2b8">
         <name>.debug_info</name>
         <load_address>0x86b4</load_address>
         <run_address>0x86b4</run_address>
         <size>0x9a</size>
         <input_file_ref idref="fl-44"/>
      </object_component>
      <object_component id="oc-31a">
         <name>.debug_info</name>
         <load_address>0x874e</load_address>
         <run_address>0x874e</run_address>
         <size>0x2c</size>
         <input_file_ref idref="fl-44"/>
      </object_component>
      <object_component id="oc-36e">
         <name>.debug_info</name>
         <load_address>0x877a</load_address>
         <run_address>0x877a</run_address>
         <size>0x21f</size>
         <input_file_ref idref="fl-45"/>
      </object_component>
      <object_component id="oc-327">
         <name>.debug_info</name>
         <load_address>0x8999</load_address>
         <run_address>0x8999</run_address>
         <size>0x184</size>
         <input_file_ref idref="fl-45"/>
      </object_component>
      <object_component id="oc-341">
         <name>.debug_info</name>
         <load_address>0x8b1d</load_address>
         <run_address>0x8b1d</run_address>
         <size>0x176</size>
         <input_file_ref idref="fl-46"/>
      </object_component>
      <object_component id="oc-bb">
         <name>.debug_info</name>
         <load_address>0x8c93</load_address>
         <run_address>0x8c93</run_address>
         <size>0x120</size>
         <input_file_ref idref="fl-49"/>
      </object_component>
      <object_component id="oc-be">
         <name>.debug_info</name>
         <load_address>0x8db3</load_address>
         <run_address>0x8db3</run_address>
         <size>0x120</size>
         <input_file_ref idref="fl-4a"/>
      </object_component>
      <object_component id="oc-350">
         <name>.debug_info</name>
         <load_address>0x8ed3</load_address>
         <run_address>0x8ed3</run_address>
         <size>0xf9</size>
         <input_file_ref idref="fl-4c"/>
      </object_component>
      <object_component id="oc-2f0">
         <name>.debug_info</name>
         <load_address>0x8fcc</load_address>
         <run_address>0x8fcc</run_address>
         <size>0x105</size>
         <input_file_ref idref="fl-4c"/>
      </object_component>
      <object_component id="oc-362">
         <name>.debug_info</name>
         <load_address>0x90d1</load_address>
         <run_address>0x90d1</run_address>
         <size>0x18f</size>
         <input_file_ref idref="fl-4d"/>
      </object_component>
      <object_component id="oc-314">
         <name>.debug_info</name>
         <load_address>0x9260</load_address>
         <run_address>0x9260</run_address>
         <size>0x159</size>
         <input_file_ref idref="fl-4d"/>
      </object_component>
      <object_component id="oc-360">
         <name>.debug_info</name>
         <load_address>0x93b9</load_address>
         <run_address>0x93b9</run_address>
         <size>0x172</size>
         <input_file_ref idref="fl-4e"/>
      </object_component>
      <object_component id="oc-30d">
         <name>.debug_info</name>
         <load_address>0x952b</load_address>
         <run_address>0x952b</run_address>
         <size>0x268</size>
         <input_file_ref idref="fl-4e"/>
      </object_component>
      <object_component id="oc-308">
         <name>.debug_info</name>
         <load_address>0x9793</load_address>
         <run_address>0x9793</run_address>
         <size>0x162</size>
         <input_file_ref idref="fl-4f"/>
      </object_component>
      <object_component id="oc-2a7">
         <name>.debug_info</name>
         <load_address>0x98f5</load_address>
         <run_address>0x98f5</run_address>
         <size>0x230</size>
         <input_file_ref idref="fl-4f"/>
      </object_component>
      <object_component id="oc-304">
         <name>.debug_info</name>
         <load_address>0x9b25</load_address>
         <run_address>0x9b25</run_address>
         <size>0x1d4</size>
         <input_file_ref idref="fl-50"/>
      </object_component>
      <object_component id="oc-29a">
         <name>.debug_info</name>
         <load_address>0x9cf9</load_address>
         <run_address>0x9cf9</run_address>
         <size>0x2bb</size>
         <input_file_ref idref="fl-50"/>
      </object_component>
      <object_component id="oc-302">
         <name>.debug_info</name>
         <load_address>0x9fb4</load_address>
         <run_address>0x9fb4</run_address>
         <size>0x1d5</size>
         <input_file_ref idref="fl-51"/>
      </object_component>
      <object_component id="oc-295">
         <name>.debug_info</name>
         <load_address>0xa189</load_address>
         <run_address>0xa189</run_address>
         <size>0x284</size>
         <input_file_ref idref="fl-51"/>
      </object_component>
      <object_component id="oc-3a7">
         <name>.debug_info</name>
         <load_address>0xa40d</load_address>
         <run_address>0xa40d</run_address>
         <size>0x26f</size>
         <input_file_ref idref="fl-52"/>
      </object_component>
      <object_component id="oc-369">
         <name>.debug_info</name>
         <load_address>0xa67c</load_address>
         <run_address>0xa67c</run_address>
         <size>0x189</size>
         <input_file_ref idref="fl-52"/>
      </object_component>
      <object_component id="oc-376">
         <name>.debug_info</name>
         <load_address>0xa805</load_address>
         <run_address>0xa805</run_address>
         <size>0x337</size>
         <input_file_ref idref="fl-53"/>
      </object_component>
      <object_component id="oc-372">
         <name>.debug_info</name>
         <load_address>0xab3c</load_address>
         <run_address>0xab3c</run_address>
         <size>0x109</size>
         <input_file_ref idref="fl-53"/>
      </object_component>
      <object_component id="oc-32d">
         <name>.debug_info</name>
         <load_address>0xac45</load_address>
         <run_address>0xac45</run_address>
         <size>0x109</size>
         <input_file_ref idref="fl-53"/>
      </object_component>
      <object_component id="oc-2ff">
         <name>.debug_info</name>
         <load_address>0xad4e</load_address>
         <run_address>0xad4e</run_address>
         <size>0xfe</size>
         <input_file_ref idref="fl-56"/>
      </object_component>
      <object_component id="oc-3f5">
         <name>.debug_info</name>
         <load_address>0xae4c</load_address>
         <run_address>0xae4c</run_address>
         <size>0x27d</size>
         <input_file_ref idref="fl-57"/>
      </object_component>
      <object_component id="oc-399">
         <name>.debug_info</name>
         <load_address>0xb0c9</load_address>
         <run_address>0xb0c9</run_address>
         <size>0x209</size>
         <input_file_ref idref="fl-57"/>
      </object_component>
      <object_component id="oc-456">
         <name>.debug_info</name>
         <load_address>0xb2d2</load_address>
         <run_address>0xb2d2</run_address>
         <size>0x304</size>
         <input_file_ref idref="fl-58"/>
      </object_component>
      <object_component id="oc-450">
         <name>.debug_info</name>
         <load_address>0xb5d6</load_address>
         <run_address>0xb5d6</run_address>
         <size>0x198</size>
         <input_file_ref idref="fl-58"/>
      </object_component>
      <object_component id="oc-427">
         <name>.debug_info</name>
         <load_address>0xb76e</load_address>
         <run_address>0xb76e</run_address>
         <size>0x1eb</size>
         <input_file_ref idref="fl-58"/>
      </object_component>
      <object_component id="oc-459">
         <name>.debug_info</name>
         <load_address>0xb959</load_address>
         <run_address>0xb959</run_address>
         <size>0xea</size>
         <input_file_ref idref="fl-58"/>
      </object_component>
      <object_component id="oc-46f">
         <name>.debug_info</name>
         <load_address>0xba43</load_address>
         <run_address>0xba43</run_address>
         <size>0x39</size>
         <input_file_ref idref="fl-58"/>
      </object_component>
      <object_component id="oc-2fa">
         <name>.debug_info</name>
         <load_address>0xba7c</load_address>
         <run_address>0xba7c</run_address>
         <size>0x123</size>
         <input_file_ref idref="fl-59"/>
      </object_component>
      <object_component id="oc-2f6">
         <name>.debug_info</name>
         <load_address>0xbb9f</load_address>
         <run_address>0xbb9f</run_address>
         <size>0x121</size>
         <input_file_ref idref="fl-5a"/>
      </object_component>
      <object_component id="oc-477">
         <name>.debug_info</name>
         <load_address>0xbcc0</load_address>
         <run_address>0xbcc0</run_address>
         <size>0x162</size>
[...]
         <name>__TI_int00</name>
         <value>0xffe0</value>
         <object_component_ref idref="oc-40"/>
      </symbol>
      <symbol id="sm-1b2">
         <name>__TI_int03</name>
         <value>0xffe6</value>
         <object_component_ref idref="oc-42"/>
      </symbol>
      <symbol id="sm-1b5">
         <name>__TI_int05</name>
         <value>0xffea</value>
         <object_component_ref idref="oc-43"/>
      </symbol>
      <symbol id="sm-1b8">
         <name>__TI_int06</name>
         <value>0xffec</value>
         <object_component_ref idref="oc-44"/>
      </symbol>
      <symbol id="sm-1bb">
         <name>__TI_int07</name>
         <value>0xffee</value>
         <object_component_ref idref="oc-45"/>
      </symbol>
      <symbol id="sm-1be">
         <name>__TI_int08</name>
         <value>0xfff0</value>
         <object_component_ref idref="oc-46"/>
      </symbol>
      <symbol id="sm-1c1">
         <name>__TI_int09</name>
         <value>0xfff2</value>
         <object_component_ref idref="oc-47"/>
      </symbol>
      <symbol id="sm-1c4">
         <name>__TI_int10</name>
         <value>0xfff4</value>
         <object_component_ref idref="oc-48"/>
      </symbol>
      <symbol id="sm-1c7">
         <name>__TI_int11</name>
         <value>0xfff6</value>
         <object_component_ref idref="oc-49"/>
      </symbol>
      <symbol id="sm-1ca">
         <name>__TI_int12</name>
         <value>0xfff8</value>
         <object_component_ref idref="oc-4a"/>
      </symbol>
      <symbol id="sm-1cd">
         <name>__TI_int13</name>
         <value>0xfffa</value>
         <object_component_ref idref="oc-4b"/>
      </symbol>
      <symbol id="sm-1d0">
         <name>__TI_int14</name>
         <value>0xfffc</value>
         <object_component_ref idref="oc-4c"/>
      </symbol>
      <symbol id="sm-1d8">
         <name>__TI_ISR_TRAP</name>
         <value>0xd85a</value>
         <object_component_ref idref="oc-df"/>
      </symbol>
      <symbol id="sm-1e8">
         <name>_stack</name>
         <value>0x0</value>
         <object_component_ref idref="oc-b1"/>
      </symbol>
      <symbol id="sm-1e9">
         <name>_c_int00_noargs</name>
         <value>0xd73a</value>
         <object_component_ref idref="oc-fc"/>
      </symbol>
      <symbol id="sm-1ea">
         <name>_reset_vector</name>
         <value>0xfffe</value>
         <object_component_ref idref="oc-b4"/>
      </symbol>
      <symbol id="sm-20c">
         <name>__TI_auto_init_nobinit_nopinit</name>
         <value>0xd3f2</value>
         <object_component_ref idref="oc-1b3"/>
      </symbol>
      <symbol id="sm-224">
         <name>__TI_zero_init_nomemset</name>
         <value>0xd7bc</value>
         <object_component_ref idref="oc-ea"/>
      </symbol>
      <symbol id="sm-233">
         <name>__TI_dtors_ptr</name>
         <value>0xf6</value>
         <object_component_ref idref="oc-1ff"/>
      </symbol>
      <symbol id="sm-234">
         <name>__TI_cleanup_ptr</name>
         <value>0xf4</value>
         <object_component_ref idref="oc-202"/>
      </symbol>
      <symbol id="sm-23f">
         <name>_system_pre_init</name>
         <value>0xd87e</value>
         <object_component_ref idref="oc-14f"/>
      </symbol>
      <symbol id="sm-248">
         <name>_system_post_cinit</name>
         <value>0xd884</value>
         <object_component_ref idref="oc-20a"/>
      </symbol>
      <symbol id="sm-25e">
         <name>__TI_decompress_none</name>
         <value>0xd7e4</value>
         <object_component_ref idref="oc-3a"/>
      </symbol>
      <symbol id="sm-281">
         <name>__TI_decompress_lzss</name>
         <value>0xce82</value>
         <object_component_ref idref="oc-34"/>
      </symbol>
      <symbol id="sm-29e">
         <name>C$$EXIT</name>
         <value>0xd878</value>
         <object_component_ref idref="oc-1a7"/>
      </symbol>
      <symbol id="sm-29f">
         <name>abort</name>
         <value>0xd878</value>
         <object_component_ref idref="oc-1a7"/>
      </symbol>
      <symbol id="sm-2a0">
         <name>__TI_enable_exit_profile_output</name>
         <value>0x100</value>
         <object_component_ref idref="oc-1f9"/>
      </symbol>
      <symbol id="sm-2a1">
         <name>exit</name>
         <value>0xd3ae</value>
         <object_component_ref idref="oc-1ad"/>
      </symbol>
      <symbol id="sm-2b7">
         <name>_nop</name>
         <value>0xd882</value>
         <object_component_ref idref="oc-24f"/>
      </symbol>
      <symbol id="sm-2b8">
         <name>_lock</name>
         <value>0xf8</value>
         <object_component_ref idref="oc-1fc"/>
      </symbol>
      <symbol id="sm-2b9">
         <name>_unlock</name>
         <value>0xfa</value>
         <object_component_ref idref="oc-205"/>
      </symbol>
      <symbol id="sm-2ca">
         <name>__TI_tmpnams</name>
         <value>0x320</value>
      </symbol>
      <symbol id="sm-2cb">
         <name>_ftable</name>
         <value>0x0</value>
         <object_component_ref idref="oc-22b"/>
      </symbol>
      <symbol id="sm-2cc">
         <name>__TI_ft_end</name>
         <value>0xfc</value>
         <object_component_ref idref="oc-321"/>
      </symbol>
      <symbol id="sm-2d8">
         <name>isspace</name>
         <value>0xd862</value>
         <object_component_ref idref="oc-28c"/>
      </symbol>
      <symbol id="sm-2e6">
         <name>memcpy</name>
         <value>0xd7f6</value>
         <object_component_ref idref="oc-d2"/>
      </symbol>
      <symbol id="sm-364">
         <name>_sys_memory</name>
         <value>0x0</value>
         <object_component_ref idref="oc-b5"/>
      </symbol>
      <symbol id="sm-365">
         <name>free</name>
         <value>0xc978</value>
         <object_component_ref idref="oc-333"/>
      </symbol>
      <symbol id="sm-366">
         <name>memalign</name>
         <value>0xc882</value>
         <object_component_ref idref="oc-390"/>
      </symbol>
      <symbol id="sm-367">
         <name>malloc</name>
         <value>0xd86a</value>
         <object_component_ref idref="oc-339"/>
      </symbol>
      <symbol id="sm-368">
         <name>aligned_alloc</name>
         <value>0xc882</value>
         <object_component_ref idref="oc-390"/>
      </symbol>
      <symbol id="sm-376">
         <name>memset</name>
         <value>0xd7d0</value>
         <object_component_ref idref="oc-29f"/>
      </symbol>
      <symbol id="sm-38d">
         <name>read</name>
         <value>0xd6b2</value>
         <object_component_ref idref="oc-2df"/>
      </symbol>
      <symbol id="sm-3e9">
         <name>__TI_scanfi_minimal</name>
         <value>0xc000</value>
         <object_component_ref idref="oc-240"/>
      </symbol>
      <symbol id="sm-3fa">
         <name>__TI_doflush</name>
         <value>0xd10a</value>
         <object_component_ref idref="oc-324"/>
      </symbol>
      <symbol id="sm-406">
         <name>__TI_cleanup</name>
         <value>0xd4f4</value>
         <object_component_ref idref="oc-33f"/>
      </symbol>
      <symbol id="sm-410">
         <name>__mspabi_slli</name>
         <value>0xd5e4</value>
         <object_component_ref idref="oc-b8"/>
      </symbol>
      <symbol id="sm-411">
         <name>__mspabi_slli_9</name>
         <value>0xd5fc</value>
         <object_component_ref idref="oc-b8"/>
      </symbol>
      <symbol id="sm-412">
         <name>__mspabi_slli_8</name>
         <value>0xd5fe</value>
         <object_component_ref idref="oc-b8"/>
      </symbol>
      <symbol id="sm-413">
         <name>__mspabi_slli_7</name>
         <value>0xd600</value>
         <object_component_ref idref="oc-b8"/>
      </symbol>
      <symbol id="sm-414">
         <name>__mspabi_slli_6</name>
         <value>0xd602</value>
         <object_component_ref idref="oc-b8"/>
      </symbol>
      <symbol id="sm-415">
         <name>__mspabi_slli_5</name>
         <value>0xd604</value>
         <object_component_ref idref="oc-b8"/>
      </symbol>
      <symbol id="sm-416">
         <name>__mspabi_slli_4</name>
         <value>0xd606</value>
         <object_component_ref idref="oc-b8"/>
      </symbol>
      <symbol id="sm-417">
         <name>__mspabi_slli_3</name>
         <value>0xd608</value>
         <object_component_ref idref="oc-b8"/>
      </symbol>
      <symbol id="sm-418">
         <name>__mspabi_slli_2</name>
         <value>0xd60a</value>
         <object_component_ref idref="oc-b8"/>
      </symbol>
      <symbol id="sm-419">
         <name>__mspabi_slli_1</name>
         <value>0xd60c</value>
         <object_component_ref idref="oc-b8"/>
      </symbol>
      <symbol id="sm-41a">
         <name>__mspabi_slli_15</name>
         <value>0xd5f0</value>
         <object_component_ref idref="oc-b8"/>
      </symbol>
      <symbol id="sm-41b">
         <name>__mspabi_slli_14</name>
         <value>0xd5f2</value>
         <object_component_ref idref="oc-b8"/>
      </symbol>
      <symbol id="sm-41c">
         <name>__mspabi_slli_13</name>
         <value>0xd5f4</value>
         <object_component_ref idref="oc-b8"/>
      </symbol>
      <symbol id="sm-41d">
         <name>__mspabi_slli_12</name>
         <value>0xd5f6</value>
         <object_component_ref idref="oc-b8"/>
      </symbol>
      <symbol id="sm-41e">
         <name>__mspabi_slli_11</name>
         <value>0xd5f8</value>
         <object_component_ref idref="oc-b8"/>
      </symbol>
      <symbol id="sm-41f">
         <name>__mspabi_slli_10</name>
         <value>0xd5fa</value>
         <object_component_ref idref="oc-b8"/>
      </symbol>
      <symbol id="sm-427">
         <name>__mspabi_srli_8</name>
         <value>0xd2fe</value>
         <object_component_ref idref="oc-bd"/>
      </symbol>
      <symbol id="sm-428">
         <name>__mspabi_srli_9</name>
         <value>0xd2fa</value>
         <object_component_ref idref="oc-bd"/>
      </symbol>
      <symbol id="sm-429">
         <name>__mspabi_srli_6</name>
         <value>0xd306</value>
         <object_component_ref idref="oc-bd"/>
      </symbol>
      <symbol id="sm-42a">
         <name>__mspabi_srli_7</name>
         <value>0xd302</value>
         <object_component_ref idref="oc-bd"/>
      </symbol>
      <symbol id="sm-42b">
         <name>__mspabi_srli_4</name>
         <value>0xd30e</value>
         <object_component_ref idref="oc-bd"/>
      </symbol>
      <symbol id="sm-42c">
         <name>__mspabi_srli_5</name>
         <value>0xd30a</value>
         <object_component_ref idref="oc-bd"/>
      </symbol>
      <symbol id="sm-42d">
         <name>__mspabi_srli_2</name>
         <value>0xd316</value>
         <object_component_ref idref="oc-bd"/>
      </symbol>
      <symbol id="sm-42e">
         <name>__mspabi_srli_3</name>
         <value>0xd312</value>
         <object_component_ref idref="oc-bd"/>
      </symbol>
      <symbol id="sm-42f">
         <name>__mspabi_srli_1</name>
         <value>0xd31a</value>
         <object_component_ref idref="oc-bd"/>
      </symbol>
      <symbol id="sm-430">
         <name>__mspabi_srli</name>
         <value>0xd2d4</value>
         <object_component_ref idref="oc-bd"/>
      </symbol>
      <symbol id="sm-431">
         <name>__mspabi_srli_15</name>
         <value>0xd2e2</value>
         <object_component_ref idref="oc-bd"/>
      </symbol>
      <symbol id="sm-432">
         <name>__mspabi_srli_14</name>
         <value>0xd2e6</value>
         <object_component_ref idref="oc-bd"/>
      </symbol>
      <symbol id="sm-433">
         <name>__mspabi_srli_13</name>
         <value>0xd2ea</value>
         <object_component_ref idref="oc-bd"/>
      </symbol>
      <symbol id="sm-434">
         <name>__mspabi_srli_12</name>
         <value>0xd2ee</value>
         <object_component_ref idref="oc-bd"/>
      </symbol>
      <symbol id="sm-435">
         <name>__mspabi_srli_11</name>
         <value>0xd2f2</value>
         <object_component_ref idref="oc-bd"/>
      </symbol>
      <symbol id="sm-436">
         <name>__mspabi_srli_10</name>
         <value>0xd2f6</value>
         <object_component_ref idref="oc-bd"/>
      </symbol>
      <symbol id="sm-441">
         <name>_ctypes_</name>
         <value>0xd886</value>
         <object_component_ref idref="oc-2ef"/>
      </symbol>
      <symbol id="sm-44d">
         <name>isxdigit</name>
         <value>0xd850</value>
         <object_component_ref idref="oc-311"/>
      </symbol>
      <symbol id="sm-45c">
         <name>strchr</name>
         <value>0xd772</value>
         <object_component_ref idref="oc-30a"/>
      </symbol>
      <symbol id="sm-469">
         <name>strlen</name>
         <value>0xd838</value>
         <object_component_ref idref="oc-2a5"/>
      </symbol>
      <symbol id="sm-491">
         <name>strtol</name>
         <value>0xc304</value>
         <object_component_ref idref="oc-299"/>
      </symbol>
      <symbol id="sm-4b6">
         <name>strtoul</name>
         <value>0xc6e2</value>
         <object_component_ref idref="oc-293"/>
      </symbol>
      <symbol id="sm-4c3">
         <name>write</name>
         <value>0xd6d6</value>
         <object_component_ref idref="oc-367"/>
      </symbol>
      <symbol id="sm-4d2">
         <name>_stream</name>
         <value>0xc6</value>
         <object_component_ref idref="oc-32c"/>
      </symbol>
      <symbol id="sm-4d3">
         <name>_device</name>
         <value>0x78</value>
         <object_component_ref idref="oc-371"/>
      </symbol>
      <symbol id="sm-4dc">
         <name>errno</name>
         <value>0xfe</value>
         <object_component_ref idref="oc-2fe"/>
      </symbol>
      <symbol id="sm-4ec">
         <name>__TI_closefile</name>
         <value>0xcefe</value>
         <object_component_ref idref="oc-397"/>
      </symbol>
      <symbol id="sm-50f">
         <name>finddevice</name>
         <value>0xd528</value>
         <object_component_ref idref="oc-44f"/>
      </symbol>
      <symbol id="sm-510">
         <name>getdevice</name>
         <value>0xd224</value>
         <object_component_ref idref="oc-426"/>
      </symbol>
      <symbol id="sm-51e">
         <name>__mspabi_remul</name>
         <value>0xd27c</value>
         <object_component_ref idref="oc-2f9"/>
      </symbol>
      <symbol id="sm-51f">
         <name>__mspabi_divul</name>
         <value>0xd27c</value>
         <object_component_ref idref="oc-2f9"/>
      </symbol>
      <symbol id="sm-529">
         <name>__mspabi_mpyl_sw</name>
         <value>0xd68c</value>
         <object_component_ref idref="oc-2f4"/>
      </symbol>
      <symbol id="sm-52a">
         <name>__mspabi_mpyl</name>
         <value>0xd68c</value>
         <object_component_ref idref="oc-2f4"/>
      </symbol>
      <symbol id="sm-538">
         <name>strcmp</name>
         <value>0xd7a4</value>
         <object_component_ref idref="oc-466"/>
      </symbol>
      <symbol id="sm-548">
         <name>strncpy</name>
         <value>0xd610</value>
         <object_component_ref idref="oc-449"/>
      </symbol>
      <symbol id="sm-554">
         <name>HOSTclose</name>
         <value>0xd36a</value>
         <object_component_ref idref="oc-3b0"/>
      </symbol>
      <symbol id="sm-560">
         <name>HOSTlseek</name>
         <value>0xcdfa</value>
         <object_component_ref idref="oc-3c2"/>
      </symbol>
      <symbol id="sm-56e">
         <name>parmbuf</name>
         <value>0x3c0</value>
      </symbol>
      <symbol id="sm-56f">
         <name>HOSTopen</name>
         <value>0xd042</value>
         <object_component_ref idref="oc-3aa"/>
      </symbol>
      <symbol id="sm-57c">
         <name>HOSTread</name>
         <value>0xd16c</value>
         <object_component_ref idref="oc-3b6"/>
      </symbol>
      <symbol id="sm-588">
         <name>HOSTrename</name>
         <value>0xcf70</value>
         <object_component_ref idref="oc-3ce"/>
      </symbol>
      <symbol id="sm-594">
         <name>HOSTunlink</name>
         <value>0xd476</value>
         <object_component_ref idref="oc-3c8"/>
      </symbol>
      <symbol id="sm-5a1">
         <name>HOSTwrite</name>
         <value>0xd0a8</value>
         <object_component_ref idref="oc-3bc"/>
      </symbol>
      <symbol id="sm-5bf">
         <name>__TI_readmsg</name>
         <value>0xd5b8</value>
         <object_component_ref idref="oc-401"/>
      </symbol>
      <symbol id="sm-5c0">
         <name>C$$IO$$</name>
         <value>0xd5b4</value>
         <object_component_ref idref="oc-3fb"/>
      </symbol>
      <symbol id="sm-5c1">
         <name>_CIOBUF_</name>
         <value>0x200</value>
         <object_component_ref idref="oc-432"/>
      </symbol>
      <symbol id="sm-5c2">
         <name>__TI_writemsg</name>
         <value>0xd58a</value>
         <object_component_ref idref="oc-3fb"/>
      </symbol>
      <symbol id="sm-5d5">
         <name>close</name>
         <value>0xd320</value>
         <object_component_ref idref="oc-3e7"/>
      </symbol>
      <symbol id="sm-5dd">
         <name>__mspabi_slll_9</name>
         <value>0xd4ce</value>
         <object_component_ref idref="oc-40e"/>
      </symbol>
      <symbol id="sm-5de">
         <name>__mspabi_slll_8</name>
         <value>0xd4d2</value>
         <object_component_ref idref="oc-40e"/>
      </symbol>
      <symbol id="sm-5df">
         <name>__mspabi_slll_7</name>
         <value>0xd4d6</value>
         <object_component_ref idref="oc-40e"/>
      </symbol>
      <symbol id="sm-5e0">
         <name>__mspabi_slll_6</name>
         <value>0xd4da</value>
         <object_component_ref idref="oc-40e"/>
      </symbol>
      <symbol id="sm-5e1">
         <name>__mspabi_slll_5</name>
         <value>0xd4de</value>
         <object_component_ref idref="oc-40e"/>
      </symbol>
      <symbol id="sm-5e2">
         <name>__mspabi_slll_4</name>
         <value>0xd4e2</value>
         <object_component_ref idref="oc-40e"/>
      </symbol>
      <symbol id="sm-5e3">
         <name>__mspabi_slll_3</name>
         <value>0xd4e6</value>
         <object_component_ref idref="oc-40e"/>
      </symbol>
      <symbol id="sm-5e4">
         <name>__mspabi_slll_2</name>
         <value>0xd4ea</value>
         <object_component_ref idref="oc-40e"/>
      </symbol>
      <symbol id="sm-5e5">
         <name>__mspabi_slll_1</name>
         <value>0xd4ee</value>
         <object_component_ref idref="oc-40e"/>
      </symbol>
      <symbol id="sm-5e6">
         <name>__mspabi_slll_15</name>
         <value>0xd4b6</value>
         <object_component_ref idref="oc-40e"/>
      </symbol>
      <symbol id="sm-5e7">
         <name>__mspabi_slll_14</name>
         <value>0xd4ba</value>
         <object_component_ref idref="oc-40e"/>
      </symbol>
      <symbol id="sm-5e8">
         <name>__mspabi_slll_13</name>
         <value>0xd4be</value>
         <object_component_ref idref="oc-40e"/>
      </symbol>
      <symbol id="sm-5e9">
         <name>__mspabi_slll_12</name>
         <value>0xd4c2</value>
         <object_component_ref idref="oc-40e"/>
      </symbol>
      <symbol id="sm-5ea">
         <name>__mspabi_slll_11</name>
         <value>0xd4c6</value>
         <object_component_ref idref="oc-40e"/>
      </symbol>
      <symbol id="sm-5eb">
         <name>__mspabi_slll_10</name>
         <value>0xd4ca</value>
         <object_component_ref idref="oc-40e"/>
      </symbol>
      <symbol id="sm-5f8">
         <name>strcpy</name>
         <value>0xd828</value>
         <object_component_ref idref="oc-417"/>
      </symbol>
      <symbol id="sm-604">
         <name>unlink</name>
         <value>0xd664</value>
         <object_component_ref idref="oc-3ee"/>
      </symbol>
      <symbol id="sm-607">
         <name>remove</name>
         <value>0xd664</value>
      </symbol>
   </symbol_table>
   <title>Link errors: red sections failed placement,available memory ranges in purple</title>
</link_info>
