******************************************************************************
                  MSP430 Linker PC v21.6.0                     
******************************************************************************
>> Linked Sun Sep 11 13:16:13 2022

OUTPUT FILE NAME:   <Contador.out>
ENTRY POINT SYMBOL: "_c_int00_noargs"  address: 0000d73a


MEMORY CONFIGURATION

         name            origin    length      used     unused   attr    fill
----------------------  --------  ---------  --------  --------  ----  --------
  SFR                   00000000   00000010  00000000  00000010  RWIX
  PERIPHERALS_8BIT      00000010   000000f0  00000000  000000f0  RWIX
  PERIPHERALS_16BIT     00000100   00000100  00000000  00000100  RWIX
  RAM                   00000200   00000200  000001cb  00000035  RWIX
  INFOD                 00001000   00000040  00000000  00000040  RWIX
  INFOC                 00001040   00000040  00000000  00000040  RWIX
  INFOB                 00001080   00000040  00000000  00000040  RWIX
  INFOA                 000010c0   00000040  00000000  00000040  RWIX
  FLASH                 0000c000   00003fde  000019d2  0000260c  RWIX
  BSLSIGNATURE          0000ffde   00000002  00000002  00000000  RWIX  ffff 
  INT00                 0000ffe0   00000002  00000002  00000000  RWIX
  INT01                 0000ffe2   00000002  00000000  00000002  RWIX
  INT02                 0000ffe4   00000002  00000002  00000000  RWIX
  INT03                 0000ffe6   00000002  00000002  00000000  RWIX
  INT04                 0000ffe8   00000002  00000000  00000002  RWIX
  INT05                 0000ffea   00000002  00000002  00000000  RWIX
  INT06                 0000ffec   00000002  00000002  00000000  RWIX
  INT07                 0000ffee   00000002  00000002  00000000  RWIX
  INT08                 0000fff0   00000002  00000002  00000000  RWIX
  INT09                 0000fff2   00000002  00000002  00000000  RWIX
  INT10                 0000fff4   00000002  00000002  00000000  RWIX
  INT11                 0000fff6   00000002  00000002  00000000  RWIX
  INT12                 0000fff8   00000002  00000002  00000000  RWIX
  INT13                 0000fffa   00000002  00000002  00000000  RWIX
  INT14                 0000fffc   00000002  00000002  00000000  RWIX
  RESET                 0000fffe   00000002  00000002  00000000  RWIX


SECTION ALLOCATION MAP

 output                                  attributes/
section   page    origin      length       input sections
--------  ----  ----------  ----------   ----------------
.data      0    00000000    00000104     FAILED TO ALLOCATE
.bss       0    00000320    000000ab     UNINITIALIZED
                  00000320    000000a0     (.common:__TI_tmpnams)
                  000003c0    00000008     (.common:parmbuf)
                  000003c8    00000002     rts430_eabi.lib : memory.c.obj (.bss)
                  000003ca    00000001     (.common:sel_disp)

.sysmem    0    00000000    00000050     FAILED TO ALLOCATE
.stack     0    00000000    00000050     FAILED TO ALLOCATE
.text      0    0000c000    00001886     
                  0000c000    00000304     rts430_eabi.lib : _scanfi_min.c.obj (.text:__TI_scanfi_minimal)
                  0000c304    00000212                     : strtol.c.obj (.text:strtol)
                  0000c516    000001cc                     : _scanfi_min.c.obj (.text:_sproc_int)
                  0000c6e2    000001a0                     : strtoul.c.obj (.text:strtoul)
                  0000c882    000000f6                     : memory.c.obj (.text:aligned_alloc)
                  0000c978    000000d2                     : memory.c.obj (.text:free)
                  0000ca4a    000000d0                     : setvbuf.c.obj (.text:setvbuf)
                  0000cb1a    0000009e     main.obj (.text:mostra_digito)
                  0000cbb8    00000098     rts430_eabi.lib : fscanf.c.obj (.text:_chkmbc)
                  0000cc50    00000092                     : _bufread.c.obj (.text:__TI_buff_read)
                  0000cce2    0000008e                     : fgetc.c.obj (.text:fgetc)
                  0000cd70    0000008a                     : ungetc.c.obj (.text:ungetc)
                  0000cdfa    00000088                     : hostlseek.c.obj (.text:HOSTlseek)
                  0000ce82    0000007c                     : copy_decompress_lzss.c.obj (.text:decompress:lzss:__TI_decompress_lzss)
                  0000cefe    00000072                     : fclose.c.obj (.text:__TI_closefile)
                  0000cf70    0000006a                     : hostrename.c.obj (.text:HOSTrename)
                  0000cfda    00000068                     : memory.c.obj (.text:split)
                  0000d042    00000066                     : hostopen.c.obj (.text:HOSTopen)
                  0000d0a8    00000062                     : hostwrite.c.obj (.text:HOSTwrite)
                  0000d10a    00000062                     : fflush.c.obj (.text:__TI_doflush)
                  0000d16c    00000060                     : hostread.c.obj (.text:HOSTread)
                  0000d1cc    00000058                     : _io_perm.c.obj (.text:__TI_rd_ok)
                  0000d224    00000058                     : getdevice.c.obj (.text:getdevice)
                  0000d27c    00000058                     : div32u.asm.obj (.text)
                  0000d2d4    0000004c                     : lsr16.asm.obj (.text)
                  0000d320    0000004a                     : close.c.obj (.text:close)
                  0000d36a    00000044                     : hostclose.c.obj (.text:HOSTclose)
                  0000d3ae    00000044                     : exit.c.obj (.text:exit)
                  0000d3f2    00000042                     : autoinit.c.obj (.text:__TI_auto_init_nobinit_nopinit:__TI_auto_init_nobinit_nopinit)
                  0000d434    00000042                     : fscanf.c.obj (.text:scanf)
                  0000d476    00000040                     : hostunlink.c.obj (.text:HOSTunlink)
                  0000d4b6    0000003e                     : lsl32.asm.obj (.text:l_lsl_const)
                  0000d4f4    00000034                     : fopen.c.obj (.text:__TI_cleanup)
                  0000d528    00000034                     : getdevice.c.obj (.text:finddevice)
                  0000d55c    0000002e     main.obj (.text:Port1_RTI)
                  0000d58a    0000002e     rts430_eabi.lib : trgmsg.c.obj (.text:__TI_writemsg)
                  0000d5b8    0000002c                     : trgmsg.c.obj (.text:__TI_readmsg)
                  0000d5e4    0000002c                     : lsl16.asm.obj (.text)
                  0000d610    0000002c                     : strncpy.c.obj (.text:strncpy)
                  0000d63c    00000028                     : memory.c.obj (.text:free_list_insert)
                  0000d664    00000028                     : unlink.c.obj (.text:unlink)
                  0000d68c    00000026                     : mult32.asm.obj (.text)
                  0000d6b2    00000024                     : read.c.obj (.text:read)
                  0000d6d6    00000024                     : write.c.obj (.text:write)
                  0000d6fa    00000020     main.obj (.text:main)
                  0000d71a    00000020     main.obj (.text:select_disp)
                  0000d73a    0000001c     rts430_eabi.lib : boot.c.obj (.text:_c_int00_noargs)
                  0000d756    0000001c                     : memory.c.obj (.text:free_list_remove)
                  0000d772    0000001a                     : strchr.c.obj (.text:strchr)
                  0000d78c    00000018     main.obj (.text:start_p1)
                  0000d7a4    00000018     rts430_eabi.lib : strcmp.c.obj (.text:strcmp)
                  0000d7bc    00000014                     : copy_zero_init.c.obj (.text:decompress:ZI:__TI_zero_init_nomemset:__TI_zero_init_nomemset)
                  0000d7d0    00000014                     : memset.c.obj (.text:memset)
                  0000d7e4    00000012                     : copy_decompress_none.c.obj (.text:decompress:none:__TI_decompress_none)
                  0000d7f6    00000012                     : memcpy.c.obj (.text:memcpy)
                  0000d808    00000010                     : epilog.asm.obj (.text)
                  0000d818    00000010     main.obj (.text:start_p2)
                  0000d828    00000010     rts430_eabi.lib : strcpy.c.obj (.text:strcpy)
                  0000d838    0000000e                     : strlen.c.obj (.text:strlen)
                  0000d846    0000000a                     : fscanf.c.obj (.text:_uninpchar)
                  0000d850    0000000a                     : isxdigit.c.obj (.text:isxdigit)
                  0000d85a    00000008                     : isr_trap.asm.obj (.text:_isr:__TI_ISR_TRAP)
                  0000d862    00000008                     : isspace.c.obj (.text:isspace)
                  0000d86a    00000008                     : memory.c.obj (.text:malloc)
                  0000d872    00000006                     : fscanf.c.obj (.text:_inpchar)
                  0000d878    00000006                     : exit.c.obj (.text:abort)
                  0000d87e    00000004                     : pre_init.c.obj (.text:_system_pre_init)
                  0000d882    00000002                     : _lock.c.obj (.text:_nop)
                  0000d884    00000002                     : startup.c.obj (.text:_system_post_cinit)

.const     0    0000d886    00000114     
                  0000d886    00000101     rts430_eabi.lib : ctype.c.obj (.const:.string:_ctypes_)
                  0000d987    00000001     --HOLE-- [fill = 0]
                  0000d988    00000007                     : _scanfi_min.c.obj (.const:.string:flit$1)
                  0000d98f    00000001     --HOLE-- [fill = 0]
                  0000d990    00000006                     : _scanfi_min.c.obj (.const:.string:barr$2)
                  0000d996    00000004     main.obj (.const:.string)

.cinit     0    0000d99a    00000038     
                  0000d99a    00000026     (.cinit..data.load) [load image, compression = lzss]
                  0000d9c0    00000006     (__TI_handler_table)
                  0000d9c6    00000004     (.cinit..bss.load) [load image, compression = zero_init]
                  0000d9ca    00000008     (__TI_cinit_table)

.cio       0    00000200    00000120     UNINITIALIZED
                  00000200    00000120     rts430_eabi.lib : trgmsg.c.obj (.cio)

.binit     0    0000c000    00000000     

.init_array 
*          0    0000c000    00000000     UNINITIALIZED

TRAPINT    0    0000ffe0    00000002     
                  0000ffe0    00000002     rts430_eabi.lib : int00.asm.obj (.int00)

PORT1      0    0000ffe4    00000002     
                  0000ffe4    00000002     main.obj (.int02)

PORT2      0    0000ffe6    00000002     
                  0000ffe6    00000002     rts430_eabi.lib : int03.asm.obj (.int03)

ADC10      0    0000ffea    00000002     
                  0000ffea    00000002     rts430_eabi.lib : int05.asm.obj (.int05)

USCIAB0TX 
*          0    0000ffec    00000002     
                  0000ffec    00000002     rts430_eabi.lib : int06.asm.obj (.int06)

USCIAB0RX 
*          0    0000ffee    00000002     
                  0000ffee    00000002     rts430_eabi.lib : int07.asm.obj (.int07)

TIMER0_A1 
*          0    0000fff0    00000002     
                  0000fff0    00000002     rts430_eabi.lib : int08.asm.obj (.int08)

TIMER0_A0 
*          0    0000fff2    00000002     
                  0000fff2    00000002     rts430_eabi.lib : int09.asm.obj (.int09)

WDT        0    0000fff4    00000002     
                  0000fff4    00000002     rts430_eabi.lib : int10.asm.obj (.int10)

COMPARATORA 
*          0    0000fff6    00000002     
                  0000fff6    00000002     rts430_eabi.lib : int11.asm.obj (.int11)

TIMER1_A1 
*          0    0000fff8    00000002     
                  0000fff8    00000002     rts430_eabi.lib : int12.asm.obj (.int12)

TIMER1_A0 
*          0    0000fffa    00000002     
                  0000fffa    00000002     rts430_eabi.lib : int13.asm.obj (.int13)

NMI        0    0000fffc    00000002     
                  0000fffc    00000002     rts430_eabi.lib : int14.asm.obj (.int14)

.reset     0    0000fffe    00000002     
                  0000fffe    00000002     rts430_eabi.lib : boot.c.obj (.reset)

$fill000   0    0000ffde    00000002     
                  0000ffde    00000002     --HOLE-- [fill = ffff]

MODULE SUMMARY

       Module                       code   ro data   rw data
       ------                       ----   -------   -------
    .\
       main.obj                     308    6         1      
    +--+----------------------------+------+---------+---------+
       Total:                       308    6         1      
                                                            
    C:\ti\ccs1200\ccs\tools\compiler\ti-cgt-msp430_21.6.0.LTS\lib\rts430_eabi.lib
       _scanfi_min.c.obj            1232   13        0      
       memory.c.obj                 636    0         2      
       strtol.c.obj                 530    0         0      
       strtoul.c.obj                416    0         0      
       trgmsg.c.obj                 90     0         288    
       ctype.c.obj                  0      257       0      
       fscanf.c.obj                 234    0         0      
       setvbuf.c.obj                208    0         0      
       defs.c.obj                   0      0         160    
       _bufread.c.obj               146    0         0      
       fgetc.c.obj                  142    0         0      
       getdevice.c.obj              140    0         0      
       ungetc.c.obj                 138    0         0      
       hostlseek.c.obj              136    0         0      
       copy_decompress_lzss.c.obj   124    0         0      
       fclose.c.obj                 114    0         0      
       hostopen.c.obj               102    0         8      
       hostrename.c.obj             106    0         0      
       fflush.c.obj                 98     0         0      
       hostwrite.c.obj              98     0         0      
       hostread.c.obj               96     0         0      
       _io_perm.c.obj               88     0         0      
       div32u.asm.obj               88     0         0      
       lsr16.asm.obj                76     0         0      
       close.c.obj                  74     0         0      
       exit.c.obj                   74     0         0      
       hostclose.c.obj              68     0         0      
       autoinit.c.obj               66     0         0      
       hostunlink.c.obj             64     0         0      
       lsl32.asm.obj                62     0         0      
       fopen.c.obj                  52     0         0      
       lsl16.asm.obj                44     0         0      
       strncpy.c.obj                44     0         0      
       unlink.c.obj                 40     0         0      
       mult32.asm.obj               38     0         0      
       read.c.obj                   36     0         0      
       write.c.obj                  36     0         0      
       boot.c.obj                   28     2         0      
       strchr.c.obj                 26     0         0      
       strcmp.c.obj                 24     0         0      
       copy_zero_init.c.obj         20     0         0      
       memset.c.obj                 20     0         0      
       copy_decompress_none.c.obj   18     0         0      
       memcpy.c.obj                 18     0         0      
       epilog.asm.obj               16     0         0      
       strcpy.c.obj                 16     0         0      
       strlen.c.obj                 14     0         0      
       isxdigit.c.obj               10     0         0      
       isr_trap.asm.obj             8      0         0      
       isspace.c.obj                8      0         0      
       pre_init.c.obj               4      0         0      
       _lock.c.obj                  2      0         0      
       int00.asm.obj                0      2         0      
       int03.asm.obj                0      2         0      
       int05.asm.obj                0      2         0      
       int06.asm.obj                0      2         0      
       int07.asm.obj                0      2         0      
       int08.asm.obj                0      2         0      
       int09.asm.obj                0      2         0      
       int10.asm.obj                0      2         0      
       int11.asm.obj                0      2         0      
       int12.asm.obj                0      2         0      
       int13.asm.obj                0      2         0      
       int14.asm.obj                0      2         0      
       startup.c.obj                2      0         0      
    +--+----------------------------+------+---------+---------+
       Total:                       5970   296       458    
                                                            
       Linker Generated:            0      56        0      
    +--+----------------------------+------+---------+---------+
       Grand Total:                 6278   358       459    


LINKER GENERATED COPY TABLES

__TI_cinit_table @ 0000d9ca records: 2, size/record: 4, table size: 8
	.data: load addr=0000d99a, load size=00000026 bytes, run addr=00000000, run size=00000104 bytes, compression=lzss
	.bss: load addr=0000d9c6, load size=00000004 bytes, run addr=00000320, run size=000000ab bytes, compression=zero_init


LINKER GENERATED HANDLER TABLE

__TI_handler_table @ 0000d9c0 records: 3, size/record: 2, table size: 6
	index: 0, handler: __TI_zero_init
	index: 1, handler: __TI_decompress_lzss
	index: 2, handler: __TI_decompress_none


GLOBAL SYMBOLS: SORTED ALPHABETICALLY BY Name 

address   name                           
-------   ----                           
0000004a  ADC10AE0                       
000001b0  ADC10CTL0                      
000001b2  ADC10CTL1                      
00000048  ADC10DTC0                      
00000049  ADC10DTC1                      
000001b4  ADC10MEM                       
000001bc  ADC10SA                        
00000057  BCSCTL1                        
00000058  BCSCTL2                        
00000053  BCSCTL3                        
0000d878  C$$EXIT                        
0000d5b4  C$$IO$$                        
00000059  CACTL1                         
0000005a  CACTL2                         
000010fb  CALBC1_12MHZ                   
000010f9  CALBC1_16MHZ                   
000010ff  CALBC1_1MHZ                    
000010fd  CALBC1_8MHZ                    
000010fa  CALDCO_12MHZ                   
000010f8  CALDCO_16MHZ                   
000010fe  CALDCO_1MHZ                    
000010fc  CALDCO_8MHZ                    
0000005b  CAPD                           
00000056  DCOCTL                         
00000128  FCTL1                          
0000012a  FCTL2                          
0000012c  FCTL3                          
0000d36a  HOSTclose                      
0000cdfa  HOSTlseek                      
0000d042  HOSTopen                       
0000d16c  HOSTread                       
0000cf70  HOSTrename                     
0000d476  HOSTunlink                     
0000d0a8  HOSTwrite                      
00000000  IE1                            
00000001  IE2                            
00000002  IFG1                           
00000003  IFG2                           
00000022  P1DIR                          
00000025  P1IE                           
00000024  P1IES                          
00000023  P1IFG                          
00000020  P1IN                           
00000021  P1OUT                          
00000027  P1REN                          
00000026  P1SEL                          
00000041  P1SEL2                         
0000002a  P2DIR                          
0000002d  P2IE                           
0000002c  P2IES                          
0000002b  P2IFG                          
00000028  P2IN                           
00000029  P2OUT                          
0000002f  P2REN                          
0000002e  P2SEL                          
00000042  P2SEL2                         
0000001a  P3DIR                          
00000018  P3IN                           
00000019  P3OUT                          
00000010  P3REN                          
0000001b  P3SEL                          
00000043  P3SEL2                         
0000d55c  Port1_RTI                      
00000172  TA0CCR0                        
00000174  TA0CCR1                        
00000176  TA0CCR2                        
00000162  TA0CCTL0                       
00000164  TA0CCTL1                       
00000166  TA0CCTL2                       
00000160  TA0CTL                         
0000012e  TA0IV                          
00000170  TA0R                           
00000192  TA1CCR0                        
00000194  TA1CCR1                        
00000196  TA1CCR2                        
00000182  TA1CCTL0                       
00000184  TA1CCTL1                       
00000186  TA1CCTL2                       
00000180  TA1CTL                         
0000011e  TA1IV                          
00000190  TA1R                           
000010db  TLV_ADC10_1_LEN                
000010da  TLV_ADC10_1_TAG                
000010c0  TLV_CHECKSUM                   
000010f7  TLV_DCO_30_LEN                 
000010f6  TLV_DCO_30_TAG                 
0000005d  UCA0ABCTL                      
00000062  UCA0BR0                        
00000063  UCA0BR1                        
00000060  UCA0CTL0                       
00000061  UCA0CTL1                       
0000005f  UCA0IRRCTL                     
0000005e  UCA0IRTCTL                     
00000064  UCA0MCTL                       
00000066  UCA0RXBUF                      
00000065  UCA0STAT                       
00000067  UCA0TXBUF                      
0000006a  UCB0BR0                        
0000006b  UCB0BR1                        
00000068  UCB0CTL0                       
00000069  UCB0CTL1                       
0000006c  UCB0I2CIE                      
00000118  UCB0I2COA                      
0000011a  UCB0I2CSA                      
0000006e  UCB0RXBUF                      
0000006d  UCB0STAT                       
0000006f  UCB0TXBUF                      
00000120  WDTCTL                         
00000200  _CIOBUF_                       
00000050  __STACK_END                    
00000050  __STACK_SIZE                   
00000050  __SYSMEM_SIZE                  
0000d9ca  __TI_CINIT_Base                
0000d9d2  __TI_CINIT_Limit               
0000d9d2  __TI_CINIT_Warm                
0000d9c0  __TI_Handler_Table_Base        
0000d9c6  __TI_Handler_Table_Limit       
0000d85a  __TI_ISR_TRAP                  
0000d3f2  __TI_auto_init_nobinit_nopinit 
0000cc50  __TI_buff_read                 
0000d4f4  __TI_cleanup                   
000000f4  __TI_cleanup_ptr               
0000cefe  __TI_closefile                 
0000ce82  __TI_decompress_lzss           
0000d7e4  __TI_decompress_none           
0000d10a  __TI_doflush                   
000000f6  __TI_dtors_ptr                 
00000100  __TI_enable_exit_profile_output
000000fc  __TI_ft_end                    
0000ffe0  __TI_int00                     
0000ffe4  __TI_int02                     
0000ffe6  __TI_int03                     
0000ffea  __TI_int05                     
0000ffec  __TI_int06                     
0000ffee  __TI_int07                     
0000fff0  __TI_int08                     
0000fff2  __TI_int09                     
0000fff4  __TI_int10                     
0000fff6  __TI_int11                     
0000fff8  __TI_int12                     
0000fffa  __TI_int13                     
0000fffc  __TI_int14                     
ffffffff  __TI_pprof_out_hndl            
ffffffff  __TI_prof_data_size            
ffffffff  __TI_prof_data_start           
0000d1cc  __TI_rd_ok                     
0000d5b8  __TI_readmsg                   
0000c000  __TI_scanfi_minimal            
00000320  __TI_tmpnams                   
0000d58a  __TI_writemsg                  
0000d7bc  __TI_zero_init_nomemset        
ffffffff  __c_args__                     
0000d27c  __mspabi_divul                 
0000d814  __mspabi_func_epilog_1         
0000d812  __mspabi_func_epilog_2         
0000d810  __mspabi_func_epilog_3         
0000d80e  __mspabi_func_epilog_4         
0000d80c  __mspabi_func_epilog_5         
0000d80a  __mspabi_func_epilog_6         
0000d808  __mspabi_func_epilog_7         
0000d68c  __mspabi_mpyl                  
0000d68c  __mspabi_mpyl_sw               
0000d27c  __mspabi_remul                 
0000d5e4  __mspabi_slli                  
0000d60c  __mspabi_slli_1                
0000d5fa  __mspabi_slli_10               
0000d5f8  __mspabi_slli_11               
0000d5f6  __mspabi_slli_12               
0000d5f4  __mspabi_slli_13               
0000d5f2  __mspabi_slli_14               
0000d5f0  __mspabi_slli_15               
0000d60a  __mspabi_slli_2                
0000d608  __mspabi_slli_3                
0000d606  __mspabi_slli_4                
0000d604  __mspabi_slli_5                
0000d602  __mspabi_slli_6                
0000d600  __mspabi_slli_7                
0000d5fe  __mspabi_slli_8                
0000d5fc  __mspabi_slli_9                
0000d4ee  __mspabi_slll_1                
0000d4ca  __mspabi_slll_10               
0000d4c6  __mspabi_slll_11               
0000d4c2  __mspabi_slll_12               
0000d4be  __mspabi_slll_13               
0000d4ba  __mspabi_slll_14               
0000d4b6  __mspabi_slll_15               
0000d4ea  __mspabi_slll_2                
0000d4e6  __mspabi_slll_3                
0000d4e2  __mspabi_slll_4                
0000d4de  __mspabi_slll_5                
0000d4da  __mspabi_slll_6                
0000d4d6  __mspabi_slll_7                
0000d4d2  __mspabi_slll_8                
0000d4ce  __mspabi_slll_9                
0000d2d4  __mspabi_srli                  
0000d31a  __mspabi_srli_1                
0000d2f6  __mspabi_srli_10               
0000d2f2  __mspabi_srli_11               
0000d2ee  __mspabi_srli_12               
0000d2ea  __mspabi_srli_13               
0000d2e6  __mspabi_srli_14               
0000d2e2  __mspabi_srli_15               
0000d316  __mspabi_srli_2                
0000d312  __mspabi_srli_3                
0000d30e  __mspabi_srli_4                
0000d30a  __mspabi_srli_5                
0000d306  __mspabi_srli_6                
0000d302  __mspabi_srli_7                
0000d2fe  __mspabi_srli_8                
0000d2fa  __mspabi_srli_9                
0000d73a  _c_int00_noargs                
0000d886  _ctypes_                       
00000078  _device                        
00000000  _ftable                        
000000f8  _lock                          
0000d882  _nop                           
0000fffe  _reset_vector                  
00000000  _stack                         
000000c6  _stream                        
00000000  _sys_memory                    
0000d884  _system_post_cinit             
0000d87e  _system_pre_init               
000000fa  _unlock                        
0000d878  abort                          
0000c882  aligned_alloc                  
0000d320  close                          
000000f0  dezena                         
000000f2  digito                         
000000fe  errno                          
0000d3ae  exit                           
0000cce2  fgetc                          
0000d528  finddevice                     
0000c978  free                           
0000cce2  getc                           
0000d224  getdevice                      
0000d862  isspace                        
0000d850  isxdigit                       
0000d6fa  main                           
0000d86a  malloc                         
0000c882  memalign                       
0000d7f6  memcpy                         
0000d7d0  memset                         
0000cb1a  mostra_digito                  
000003c0  parmbuf                        
0000d6b2  read                           
0000d664  remove                         
0000d434  scanf                          
000003ca  sel_disp                       
0000d71a  select_disp                    
0000ca4a  setvbuf                        
0000d78c  start_p1                       
0000d818  start_p2                       
0000d772  strchr                         
0000d7a4  strcmp                         
0000d828  strcpy                         
0000d838  strlen                         
0000d610  strncpy                        
0000c304  strtol                         
0000c6e2  strtoul                        
0000cd70  ungetc                         
000000ee  unidade                        
0000d664  unlink                         
0000d6d6  write                          


GLOBAL SYMBOLS: SORTED BY Symbol Address 

address   name                           
-------   ----                           
00000000  IE1                            
00000000  _ftable                        
00000000  _stack                         
00000000  _sys_memory                    
00000001  IE2                            
00000002  IFG1                           
00000003  IFG2                           
00000010  P3REN                          
00000018  P3IN                           
00000019  P3OUT                          
0000001a  P3DIR                          
0000001b  P3SEL                          
00000020  P1IN                           
00000021  P1OUT                          
00000022  P1DIR                          
00000023  P1IFG                          
00000024  P1IES                          
00000025  P1IE                           
00000026  P1SEL                          
00000027  P1REN                          
00000028  P2IN                           
00000029  P2OUT                          
0000002a  P2DIR                          
0000002b  P2IFG                          
0000002c  P2IES                          
0000002d  P2IE                           
0000002e  P2SEL                          
0000002f  P2REN                          
00000041  P1SEL2                         
00000042  P2SEL2                         
00000043  P3SEL2                         
00000048  ADC10DTC0                      
00000049  ADC10DTC1                      
0000004a  ADC10AE0                       
00000050  __STACK_END                    
00000050  __STACK_SIZE                   
00000050  __SYSMEM_SIZE                  
00000053  BCSCTL3                        
00000056  DCOCTL                         
00000057  BCSCTL1                        
00000058  BCSCTL2                        
00000059  CACTL1                         
0000005a  CACTL2                         
0000005b  CAPD                           
0000005d  UCA0ABCTL                      
0000005e  UCA0IRTCTL                     
0000005f  UCA0IRRCTL                     
00000060  UCA0CTL0                       
00000061  UCA0CTL1                       
00000062  UCA0BR0                        
00000063  UCA0BR1                        
00000064  UCA0MCTL                       
00000065  UCA0STAT                       
00000066  UCA0RXBUF                      
00000067  UCA0TXBUF                      
00000068  UCB0CTL0                       
00000069  UCB0CTL1                       
0000006a  UCB0BR0                        
0000006b  UCB0BR1                        
0000006c  UCB0I2CIE                      
0000006d  UCB0STAT                       
0000006e  UCB0RXBUF                      
0000006f  UCB0TXBUF                      
00000078  _device                        
000000c6  _stream                        
000000ee  unidade                        
000000f0  dezena                         
000000f2  digito                         
000000f4  __TI_cleanup_ptr               
000000f6  __TI_dtors_ptr                 
000000f8  _lock                          
000000fa  _unlock                        
000000fc  __TI_ft_end                    
000000fe  errno                          
00000100  __TI_enable_exit_profile_output
00000118  UCB0I2COA                      
0000011a  UCB0I2CSA                      
0000011e  TA1IV                          
00000120  WDTCTL                         
00000128  FCTL1                          
0000012a  FCTL2                          
0000012c  FCTL3                          
0000012e  TA0IV                          
00000160  TA0CTL                         
00000162  TA0CCTL0                       
00000164  TA0CCTL1                       
00000166  TA0CCTL2                       
00000170  TA0R                           
00000172  TA0CCR0                        
00000174  TA0CCR1                        
00000176  TA0CCR2                        
00000180  TA1CTL                         
00000182  TA1CCTL0                       
00000184  TA1CCTL1                       
00000186  TA1CCTL2                       
00000190  TA1R                           
00000192  TA1CCR0                        
00000194  TA1CCR1                        
00000196  TA1CCR2                        
000001b0  ADC10CTL0                      
000001b2  ADC10CTL1                      
000001b4  ADC10MEM                       
000001bc  ADC10SA                        
00000200  _CIOBUF_                       
00000320  __TI_tmpnams                   
000003c0  parmbuf                        
000003ca  sel_disp                       
000010c0  TLV_CHECKSUM                   
000010da  TLV_ADC10_1_TAG                
000010db  TLV_ADC10_1_LEN                
000010f6  TLV_DCO_30_TAG                 
000010f7  TLV_DCO_30_LEN                 
000010f8  CALDCO_16MHZ                   
000010f9  CALBC1_16MHZ                   
000010fa  CALDCO_12MHZ                   
000010fb  CALBC1_12MHZ                   
000010fc  CALDCO_8MHZ                    
000010fd  CALBC1_8MHZ                    
000010fe  CALDCO_1MHZ                    
000010ff  CALBC1_1MHZ                    
0000c000  __TI_scanfi_minimal            
0000c304  strtol                         
0000c6e2  strtoul                        
0000c882  aligned_alloc                  
0000c882  memalign                       
0000c978  free                           
0000ca4a  setvbuf                        
0000cb1a  mostra_digito                  
0000cc50  __TI_buff_read                 
0000cce2  fgetc                          
0000cce2  getc                           
0000cd70  ungetc                         
0000cdfa  HOSTlseek                      
0000ce82  __TI_decompress_lzss           
0000cefe  __TI_closefile                 
0000cf70  HOSTrename                     
0000d042  HOSTopen                       
0000d0a8  HOSTwrite                      
0000d10a  __TI_doflush                   
0000d16c  HOSTread                       
0000d1cc  __TI_rd_ok                     
0000d224  getdevice                      
0000d27c  __mspabi_divul                 
0000d27c  __mspabi_remul                 
0000d2d4  __mspabi_srli                  
0000d2e2  __mspabi_srli_15               
0000d2e6  __mspabi_srli_14               
0000d2ea  __mspabi_srli_13               
0000d2ee  __mspabi_srli_12               
0000d2f2  __mspabi_srli_11               
0000d2f6  __mspabi_srli_10               
0000d2fa  __mspabi_srli_9                
0000d2fe  __mspabi_srli_8                
0000d302  __mspabi_srli_7                
0000d306  __mspabi_srli_6                
0000d30a  __mspabi_srli_5                
0000d30e  __mspabi_srli_4                
0000d312  __mspabi_srli_3                
0000d316  __mspabi_srli_2                
0000d31a  __mspabi_srli_1                
0000d320  close                          
0000d36a  HOSTclose                      
0000d3ae  exit                           
0000d3f2  __TI_auto_init_nobinit_nopinit 
0000d434  scanf                          
0000d476  HOSTunlink                     
0000d4b6  __mspabi_slll_15               
0000d4ba  __mspabi_slll_14               
0000d4be  __mspabi_slll_13               
0000d4c2  __mspabi_slll_12               
0000d4c6  __mspabi_slll_11               
0000d4ca  __mspabi_slll_10               
0000d4ce  __mspabi_slll_9                
0000d4d2  __mspabi_slll_8                
0000d4d6  __mspabi_slll_7                
0000d4da  __mspabi_slll_6                
0000d4de  __mspabi_slll_5                
0000d4e2  __mspabi_slll_4                
0000d4e6  __mspabi_slll_3                
0000d4ea  __mspabi_slll_2                
0000d4ee  __mspabi_slll_1                
0000d4f4  __TI_cleanup                   
0000d528  finddevice                     
0000d55c  Port1_RTI                      
0000d58a  __TI_writemsg                  
0000d5b4  C$$IO$$                        
0000d5b8  __TI_readmsg                   
0000d5e4  __mspabi_slli                  
0000d5f0  __mspabi_slli_15               
0000d5f2  __mspabi_slli_14               
0000d5f4  __mspabi_slli_13               
0000d5f6  __mspabi_slli_12               
0000d5f8  __mspabi_slli_11               
0000d5fa  __mspabi_slli_10               
0000d5fc  __mspabi_slli_9                
0000d5fe  __mspabi_slli_8                
0000d600  __mspabi_slli_7                
0000d602  __mspabi_slli_6                
0000d604  __mspabi_slli_5                
0000d606  __mspabi_slli_4                
0000d608  __mspabi_slli_3                
0000d60a  __mspabi_slli_2                
0000d60c  __mspabi_slli_1                
0000d610  strncpy                        
0000d664  remove                         
0000d664  unlink                         
0000d68c  __mspabi_mpyl                  
0000d68c  __mspabi_mpyl_sw               
0000d6b2  read                           
0000d6d6  write                          
0000d6fa  main                           
0000d71a  select_disp                    
0000d73a  _c_int00_noargs                
0000d772  strchr                         
0000d78c  start_p1                       
0000d7a4  strcmp                         
0000d7bc  __TI_zero_init_nomemset        
0000d7d0  memset                         
0000d7e4  __TI_decompress_none           
0000d7f6  memcpy                         
0000d808  __mspabi_func_epilog_7         
0000d80a  __mspabi_func_epilog_6         
0000d80c  __mspabi_func_epilog_5         
0000d80e  __mspabi_func_epilog_4         
0000d810  __mspabi_func_epilog_3         
0000d812  __mspabi_func_epilog_2         
0000d814  __mspabi_func_epilog_1         
0000d818  start_p2                       
0000d828  strcpy                         
0000d838  strlen                         
0000d850  isxdigit                       
0000d85a  __TI_ISR_TRAP                  
0000d862  isspace                        
0000d86a  malloc                         
0000d878  C$$EXIT                        
0000d878  abort                          
0000d87e  _system_pre_init               
0000d882  _nop                           
0000d884  _system_post_cinit             
0000d886  _ctypes_                       
0000d9c0  __TI_Handler_Table_Base        
0000d9c6  __TI_Handler_Table_Limit       
0000d9ca  __TI_CINIT_Base                
0000d9d2  __TI_CINIT_Limit               
0000d9d2  __TI_CINIT_Warm                
0000ffe0  __TI_int00                     
0000ffe4  __TI_int02                     
0000ffe6  __TI_int03                     
0000ffea  __TI_int05                     
0000ffec  __TI_int06                     
0000ffee  __TI_int07                     
0000fff0  __TI_int08                     
0000fff2  __TI_int09                     
0000fff4  __TI_int10                     
0000fff6  __TI_int11                     
0000fff8  __TI_int12                     
0000fffa  __TI_int13                     
0000fffc  __TI_int14                     
0000fffe  _reset_vector                  
ffffffff  __TI_pprof_out_hndl            
ffffffff  __TI_prof_data_size            
ffffffff  __TI_prof_data_start           
ffffffff  __c_args__                     

[263 symbols]
